Archive member included to satisfy reference by file (symbol)

../../LIB\libISP583.a(ISP583.o)
                              ./subsys/HAL/MCU.o (FLASH_EEPROM_CMD)
../../LIB\libCH58xBLE.a(message.o)
                              ./subsys/sensor/sensor_task.o (tmos_msg_deallocate)
../../LIB\libCH58xBLE.a(tmos.o)
                              ./subsys/LCD_show/pages/shutter/shutter.o (tmos_rand)
../../LIB\libCH58xBLE.a(tmos_hw.o)
                              ../../LIB\libCH58xBLE.a(tmos.o) (fnGetClockCBs)
../../LIB\libCH58xBLE.a(tmos_snv.o)
                              ../../LIB\libCH58xBLE.a(tmos.o) (tmos_snv_init)
../../LIB\libCH58xBLE.a(gap.o)
                              ./subsys/BLE/profile/hiddev.o (GAP_SetParamValue)
../../LIB\libCH58xBLE.a(gap_central.o)
                              ../../LIB\libCH58xBLE.a(gap.o) (gapProcessPeriodicAdvertisingSyncEstablishedEvt)
../../LIB\libCH58xBLE.a(gap_peripheral.o)
                              ./subsys/BLE/hidconsumer.o (GAP_ConfigDeviceAddr)
../../LIB\libCH58xBLE.a(gapgattserver.o)
                              ./subsys/BLE/hidconsumer.o (GGS_SetParameter)
../../LIB\libCH58xBLE.a(gatt.o)
                              ./subsys/BLE/profile/battservice.o (GATT_bm_alloc)
../../LIB\libCH58xBLE.a(gatt_uuid.o)
                              ./subsys/BLE/profile/battservice.o (reportRefUUID)
../../LIB\libCH58xBLE.a(gattclientapp.o)
                              ../../LIB\libCH58xBLE.a(gatt.o) (gattGetClientStatus)
../../LIB\libCH58xBLE.a(gattservapp.o)
                              ./subsys/BLE/profile/CTS_service.o (GATTServApp_ReadCharCfg)
../../LIB\libCH58xBLE.a(l2cap.o)
                              ../../LIB\libCH58xBLE.a(gatt.o) (L2CAP_GetMTU)
../../LIB\libCH58xBLE.a(l2cap_input.o)
                              ../../LIB\libCH58xBLE.a(l2cap.o) (l2capProcessRxData)
../../LIB\libCH58xBLE.a(l2cap_output.o)
                              ../../LIB\libCH58xBLE.a(l2cap_input.o) (l2capNotifyData)
../../LIB\libCH58xBLE.a(l2cap_sdu.o)
                              ../../LIB\libCH58xBLE.a(l2cap_input.o) (l2capBuildDisconnectRsp)
../../LIB\libCH58xBLE.a(linkdb.o)
                              ../../LIB\libCH58xBLE.a(l2cap.o) (linkDB_Init)
../../LIB\libCH58xBLE.a(sm.o)
                              ../../LIB\libCH58xBLE.a(gap.o) (smFreePairingParams)
../../LIB\libCH58xBLE.a(sm_initiator.o)
                              ../../LIB\libCH58xBLE.a(sm.o) (smInitiatorSendNextKeyInfo)
../../LIB\libCH58xBLE.a(sm_pdu.o)
                              ../../LIB\libCH58xBLE.a(sm.o) (smpBuildPairingReq)
../../LIB\libCH58xBLE.a(sm_responding.o)
                              ../../LIB\libCH58xBLE.a(sm.o) (smResponderSendNextKeyInfo)
../../LIB\libCH58xBLE.a(sm_toolbox.o)
                              ../../LIB\libCH58xBLE.a(sm.o) (sm_ah)
../../LIB\libCH58xBLE.a(host_input.o)
                              ../../LIB\libCH58xBLE.a(gap.o) (gBleHostPara)
../../LIB\libCH58xBLE.a(host_output.o)
                              ../../LIB\libCH58xBLE.a(gap.o) (HCI_DisconnectCmd)
../../LIB\libCH58xBLE.a(ll_connect.o)
                              ../../LIB\libCH58xBLE.a(tmos.o) (LL_GetNextConnectEventTime)
../../LIB\libCH58xBLE.a(ll_core.o)
                              ../../LIB\libCH58xBLE.a(ll_connect.o) (LL_CoreGetCore)
../../LIB\libCH58xBLE.a(ll_hop.o)
                              ../../LIB\libCH58xBLE.a(ll_connect.o) (LL_HopGetChannel)
../../LIB\libCH58xBLE.a(ll_master.o)
                              ../../LIB\libCH58xBLE.a(ll_connect.o) (ll_master_process)
../../LIB\libCH58xBLE.a(ll_pdu.o)
                              ../../LIB\libCH58xBLE.a(ll_master.o) (LL_ConnectionUpdateInd)
../../LIB\libCH58xBLE.a(ll_report.o)
                              ../../LIB\libCH58xBLE.a(ll_connect.o) (LL_ReportGenerateEvent)
../../LIB\libCH58xBLE.a(ll_scan.o)
                              ../../LIB\libCH58xBLE.a(ll_master.o) (LL_ScanEnable)
../../LIB\libCH58xBLE.a(ll_slave.o)
                              ../../LIB\libCH58xBLE.a(ll_connect.o) (ll_hw_timer_slave_recv_timeout)
../../LIB\libCH58xBLE.a(ll_whitelist.o)
                              ../../LIB\libCH58xBLE.a(ll_scan.o) (LL_WhitelistLookup)
../../LIB\libCH58xBLE.a(aes.o)
                              ../../LIB\libCH58xBLE.a(sm_responding.o) (LL_Encrypt)
../../LIB\libCH58xBLE.a(bb.o)
                              ../../LIB\libCH58xBLE.a(ll_master.o) (gptrBBReg)
../../LIB\libCH58xBLE.a(ip.o)
                              ../../LIB\libCH58xBLE.a(tmos.o) (ll_rx_wait_finish)
../../LIB\libCH58xBLE.a(lle.o)
                              ../../LIB\libCH58xBLE.a(ll_connect.o) (gptrLLEReg)
../../LIB\libCH58xBLE.a(rf_fh.o)
                              ../../LIB\libCH58xBLE.a(ip.o) (rfConfig)
../../LIB\libCH58xBLE.a(rfend.o)
                              ../../LIB\libCH58xBLE.a(tmos.o) (gptrRFENDReg)
../../LIB\libCH58xBLE.a(api_c.o)
                              ../../LIB\libCH58xBLE.a(host_output.o) (API_DisconnectCmd)
../../LIB\libCH58xBLE.a(ctl_input.o)
[...]
Memory Configuration

Name             Origin             Length             Attributes
FLASH            0x0000000000000000 0x0000000000070000 xr
RAM              0x0000000020000000 0x0000000000008000 xrw
*default*        0x0000000000000000 0xffffffffffffffff

Linker script and memory map

LOAD ./subsys/sensor/SHT30/Adafruit_SHT31.o
LOAD ./subsys/sensor/SHT30/sensor_SHT30.o
LOAD ./subsys/sensor/sensor_task.o
LOAD ./subsys/LCD_show/pages/temperature/temperature.o
LOAD ./subsys/LCD_show/pages/stopwatch/stopwatch.o
LOAD ./subsys/LCD_show/pages/shutter/shutter.o
LOAD ./subsys/LCD_show/pages/media/media.o
LOAD ./subsys/LCD_show/pages/lucky/lucky.o
LOAD ./subsys/LCD_show/pages/counter/counter.o
LOAD ./subsys/LCD_show/pages/clock/clock.o
LOAD ./subsys/LCD_show/pages/pages.o
LOAD ./subsys/LCD_show/manager/manager.o
LOAD ./subsys/LCD_show/UGUI/Fonts/arial_10X13.o
LOAD ./subsys/LCD_show/UGUI/Fonts/arial_10X13_cyrillic.o
LOAD ./subsys/LCD_show/UGUI/Fonts/arial_12X15.o
LOAD ./subsys/LCD_show/UGUI/Fonts/arial_12X15_cyrillic.o
LOAD ./subsys/LCD_show/UGUI/Fonts/arial_16X18.o
LOAD ./subsys/LCD_show/UGUI/Fonts/arial_16X18_cyrillic.o
LOAD ./subsys/LCD_show/UGUI/Fonts/arial_20X23.o
LOAD ./subsys/LCD_show/UGUI/Fonts/arial_20X23_cyrillic.o
LOAD ./subsys/LCD_show/UGUI/Fonts/arial_25X28.o
LOAD ./subsys/LCD_show/UGUI/Fonts/arial_25X28_cyrillic.o
LOAD ./subsys/LCD_show/UGUI/Fonts/arial_29X35.o
LOAD ./subsys/LCD_show/UGUI/Fonts/arial_29X35_cyrillic.o
LOAD ./subsys/LCD_show/UGUI/Fonts/arial_35X40.o
LOAD ./subsys/LCD_show/UGUI/Fonts/arial_35X40_cyrillic.o
LOAD ./subsys/LCD_show/UGUI/Fonts/arial_39X45.o
LOAD ./subsys/LCD_show/UGUI/Fonts/arial_39X45_cyrillic.o
LOAD ./subsys/LCD_show/UGUI/Fonts/arial_45X52.o
LOAD ./subsys/LCD_show/UGUI/Fonts/arial_45X52_cyrillic.o
LOAD ./subsys/LCD_show/UGUI/Fonts/arial_49X57.o
LOAD ./subsys/LCD_show/UGUI/Fonts/arial_49X57_cyrillic.o
LOAD ./subsys/LCD_show/UGUI/Fonts/arial_6X6.o
LOAD ./subsys/LCD_show/UGUI/Fonts/arial_6X6_cyrillic.o
LOAD ./subsys/LCD_show/UGUI/Fonts/arial_9X10.o
LOAD ./subsys/LCD_show/UGUI/Fonts/arial_9X10_cyrillic.o
LOAD ./subsys/LCD_show/UGUI/Fonts/font_10x16.o
LOAD ./subsys/LCD_show/UGUI/Fonts/font_12x16.o
LOAD ./subsys/LCD_show/UGUI/Fonts/font_12x20.o
LOAD ./subsys/LCD_show/UGUI/Fonts/font_16x26.o
LOAD ./subsys/LCD_show/UGUI/Fonts/font_22x36.o
LOAD ./subsys/LCD_show/UGUI/Fonts/font_24x40.o
LOAD ./subsys/LCD_show/UGUI/Fonts/font_32x53.o
LOAD ./subsys/LCD_show/UGUI/Fonts/font_4x6.o
LOAD ./subsys/LCD_show/UGUI/Fonts/font_5x12.o
LOAD ./subsys/LCD_show/UGUI/Fonts/font_5x8.o
LOAD ./subsys/LCD_show/UGUI/Fonts/font_6x10.o
LOAD ./subsys/LCD_show/UGUI/Fonts/font_6x8.o
LOAD ./subsys/LCD_show/UGUI/Fonts/font_7x12.o
LOAD ./subsys/LCD_show/UGUI/Fonts/font_8x12.o
LOAD ./subsys/LCD_show/UGUI/Fonts/font_8x12_cyrillic.o
LOAD ./subsys/LCD_show/UGUI/Fonts/font_8x14.o
LOAD ./subsys/LCD_show/UGUI/Fonts/font_8x8.o
LOAD ./subsys/LCD_show/UGUI/Fonts/impact_14X18.o
LOAD ./subsys/LCD_show/UGUI/Fonts/zcoolqingkehuangyouti_Regular_6X9.o
LOAD ./subsys/LCD_show/UGUI/ugui.o
LOAD ./subsys/LCD_show/UGUI/ugui_button.o
LOAD ./subsys/LCD_show/UGUI/ugui_checkbox.o
LOAD ./subsys/LCD_show/UGUI/ugui_image.o
LOAD ./subsys/LCD_show/UGUI/ugui_progress.o
LOAD ./subsys/LCD_show/UGUI/ugui_textbox.o
LOAD ./subsys/LCD_show/GC9107/lcd.o
LOAD ./subsys/LCD_show/GC9107/lcd_init.o
LOAD ./subsys/LCD_show/show_task.o
LOAD ./subsys/LCD_show/ug.o
LOAD ./subsys/HAL/ADC.o
LOAD ./subsys/HAL/BEEP.o
LOAD ./subsys/HAL/KEY.o
LOAD ./subsys/HAL/LED.o
LOAD ./subsys/HAL/MCU.o
LOAD ./subsys/HAL/RTC.o
LOAD ./subsys/HAL/SLEEP.o
LOAD ./subsys/BLE/profile/CTS_service.o
LOAD ./subsys/BLE/profile/battservice.o
LOAD ./subsys/BLE/profile/devinfoservice.o
LOAD ./subsys/BLE/profile/dfu_service.o
LOAD ./subsys/BLE/profile/gattprofile.o
LOAD ./subsys/BLE/profile/heartrateservice.o
LOAD ./subsys/BLE/profile/hidconsumerservice.o
LOAD ./subsys/BLE/profile/hiddev.o
LOAD ./subsys/BLE/profile/scanparamservice.o
LOAD ./subsys/BLE/CTS.o
LOAD ./subsys/BLE/dfu.o
LOAD ./subsys/BLE/hidconsumer.o
LOAD ./src/cpp.o
LOAD ./src/main.o
LOAD ./soc/soc.o
LOAD ./drivers/dfu/dfu_port.o
LOAD ./drivers/debug/DEBUG.o
LOAD ./drivers/SPI/mySPI.o
LOAD ./drivers/RingBuffer/lwrb.o
LOAD ./drivers/I2C/myi2c.o
LOAD ./drivers/I2C/twi.o
LOAD ./drivers/HAL_FLASH/easyflash.o
LOAD ./drivers/HAL_FLASH/ef_env.o
LOAD ./drivers/HAL_FLASH/ef_log.o
LOAD ./drivers/HAL_FLASH/ef_port.o
LOAD ./drivers/HAL_FLASH/ef_utils.o
LOAD ./drivers/GPIO/myGPIO.o
LOAD ./drivers/Button2/Button2.o
LOAD ./arch/startup_CH583.o
LOAD ./StdPeriphDriver/CH58x_adc.o
LOAD ./StdPeriphDriver/CH58x_clk.o
LOAD ./StdPeriphDriver/CH58x_flash.o
LOAD ./StdPeriphDriver/CH58x_gpio.o
LOAD ./StdPeriphDriver/CH58x_i2c.o
LOAD ./StdPeriphDriver/CH58x_pwm.o
LOAD ./StdPeriphDriver/CH58x_pwr.o
LOAD ./StdPeriphDriver/CH58x_spi0.o
LOAD ./StdPeriphDriver/CH58x_spi1.o
LOAD ./StdPeriphDriver/CH58x_timer0.o
LOAD ./StdPeriphDriver/CH58x_timer1.o
LOAD ./StdPeriphDriver/CH58x_timer2.o
LOAD ./StdPeriphDriver/CH58x_timer3.o
LOAD ./StdPeriphDriver/CH58x_uart0.o
LOAD ./StdPeriphDriver/CH58x_uart1.o
LOAD ./StdPeriphDriver/CH58x_uart2.o
LOAD ./StdPeriphDriver/CH58x_uart3.o
LOAD ../../LIB\libISP583.a
LOAD ../../LIB\libCH58xBLE.a
LOAD c:/mounriver/mounriver_studio/toolchain/risc-v embedded gcc/bin/../lib/gcc/riscv-none-embed/8.2.0/../../../../riscv-none-embed/lib/rv32imac/ilp32\libstdc++_nano.a
LOAD c:/mounriver/mounriver_studio/toolchain/risc-v embedded gcc/bin/../lib/gcc/riscv-none-embed/8.2.0/../../../../riscv-none-embed/lib/rv32imac/ilp32\libm.a
LOAD c:/mounriver/mounriver_studio/toolchain/risc-v embedded gcc/bin/../lib/gcc/riscv-none-embed/8.2.0/rv32imac/ilp32\libgcc.a
LOAD c:/mounriver/mounriver_studio/toolchain/risc-v embedded gcc/bin/../lib/gcc/riscv-none-embed/8.2.0/../../../../riscv-none-embed/lib/rv32imac/ilp32\libg_nano.a
LOAD c:/mounriver/mounriver_studio/toolchain/risc-v embedded gcc/bin/../lib/gcc/riscv-none-embed/8.2.0/../../../../riscv-none-embed/lib/rv32imac/ilp32\libc_nano.a
LOAD c:/mounriver/mounriver_studio/toolchain/risc-v embedded gcc/bin/../lib/gcc/riscv-none-embed/8.2.0/rv32imac/ilp32\libgcc.a
START GROUP
LOAD c:/mounriver/mounriver_studio/toolchain/risc-v embedded gcc/bin/../lib/gcc/riscv-none-embed/8.2.0/rv32imac/ilp32\libgcc.a
LOAD c:/mounriver/mounriver_studio/toolchain/risc-v embedded gcc/bin/../lib/gcc/riscv-none-embed/8.2.0/../../../../riscv-none-embed/lib/rv32imac/ilp32\libc_nano.a
LOAD c:/mounriver/mounriver_studio/toolchain/risc-v embedded gcc/bin/../lib/gcc/riscv-none-embed/8.2.0/../../../../riscv-none-embed/lib/rv32imac/ilp32\libnosys.a
END GROUP
START GROUP
LOAD c:/mounriver/mounriver_studio/toolchain/risc-v embedded gcc/bin/../lib/gcc/riscv-none-embed/8.2.0/rv32imac/ilp32\libgcc.a
LOAD c:/mounriver/mounriver_studio/toolchain/risc-v embedded gcc/bin/../lib/gcc/riscv-none-embed/8.2.0/../../../../riscv-none-embed/lib/rv32imac/ilp32\libc_nano.a
LOAD c:/mounriver/mounriver_studio/toolchain/risc-v embedded gcc/bin/../lib/gcc/riscv-none-embed/8.2.0/../../../../riscv-none-embed/lib/rv32imac/ilp32\libnosys.a
END GROUP

.init           0x0000000000000000        0x4
                0x0000000000000000                _sinit = .
                0x0000000000000000                . = ALIGN (0x4)
 *(SORT_NONE(.init))
 .init          0x0000000000000000        0x4 ./arch/startup_CH583.o
                0x0000000000000000                _start
                0x0000000000000004                . = ALIGN (0x4)
                0x0000000000000004                _einit = .

.vector         0x0000000000000004       0x9c
                0x000000000000000c                . = 0xc
 *fill*         0x0000000000000004        0xc 
 *(.vector)
 .vector        0x0000000000000010       0x90 ./arch/startup_CH583.o

.highcodecopylalign
                0x00000000000000a0        0x0
                0x00000000000000a0                . = ALIGN (0x4)
                0x00000000000000a0                PROVIDE (_highcode_copy_lma = .)

.highcode_copy  0x0000000020000000      0x118 load address 0x00000000000000a0
                0x0000000020000000                . = ALIGN (0x4)
                0x0000000020000000                PROVIDE (_highcode_copy_start = .)
 *(.highcode_copy)
 .highcode_copy
                0x0000000020000000      0x118 ./soc/soc.o
                0x000000002000002c                mySysInit
 *(.highcode_copy.*)
                0x0000000020000118                PROVIDE (_highcode_copy_end = .)

.highcodelalign
                0x00000000000001b8        0x0
                0x00000000000001b8                . = ALIGN (0x4)
 *fill*         0x00000000000001b8        0x0 
                0x00000000000001b8                PROVIDE (_highcode_lma = .)

.highcode       0x0000000020000118     0x2a20 load address 0x00000000000001b8
                0x0000000020000118                . = ALIGN (0x4)
 *fill*         0x0000000020000118        0x0 
                0x0000000020000118                PROVIDE (_highcode_vma_start = .)
 *(.vector)
 *(SORT_NONE(.vector_handler))
 .vector_handler
                0x0000000020000118       0x36 ./arch/startup_CH583.o
                0x000000002000011c                Ecall_M_Mode_Handler
                0x000000002000011e                Ecall_U_Mode_Handler
                0x0000000020000120                Break_Point_Handler
                0x0000000020000124                SW_Handler
                0x0000000020000126                TMR0_IRQHandler
                0x0000000020000128                GPIOA_IRQHandler
                0x000000002000012a                GPIOB_IRQHandler
                0x000000002000012e                BB_IRQHandler
                0x0000000020000130                LLE_IRQHandler
                0x0000000020000132                USB_IRQHandler
                0x0000000020000134                USB2_IRQHandler
                0x0000000020000136                TMR1_IRQHandler
                0x0000000020000138                TMR2_IRQHandler
                0x000000002000013a                UART0_IRQHandler
                0x000000002000013c                UART1_IRQHandler
                0x0000000020000140                ADC_IRQHandler
                0x0000000020000144                PWMX_IRQHandler
                0x0000000020000146                TMR3_IRQHandler
                0x0000000020000148                UART2_IRQHandler
                0x000000002000014a                UART3_IRQHandler
                0x000000002000014c                WDOG_BAT_IRQHandler
 *(.highcode)
 .highcode      0x000000002000014e       0x96 ./subsys/LCD_show/GC9107/lcd.o
                0x000000002000014e                LCD_ShowPicture
 .highcode      0x00000000200001e4       0xf6 ./subsys/LCD_show/GC9107/lcd_init.o
                0x00000000200001e4                LCD_Writ_Bus
                0x0000000020000212                LCD_WR_buf
                0x0000000020000240                LCD_WR_DATA8
                0x0000000020000242                LCD_WR_DATA
                0x000000002000025a                LCD_WR_REG
                0x0000000020000286                LCD_Address_Set
 .highcode      0x00000000200002da       0x16 ./subsys/HAL/RTC.o
                0x00000000200002da                RTC_IRQHandler
 .highcode      0x00000000200002f0        0xa ./src/main.o
                0x00000000200002f0                Main_Circulation()
 .highcode      0x00000000200002fa      0x1a0 ./soc/soc.o
                0x00000000200002fa                SetSysClock
                0x000000002000040a                SYS_ResetExecute
                0x0000000020000448                HardFault_Handler
                0x000000002000044a                NMI_Handler
                0x000000002000044c                SysTick_Handler
                0x0000000020000464                mDelayuS
                0x0000000020000472                mDelaymS
 .highcode      0x000000002000049a       0x8e ./drivers/SPI/mySPI.o
                0x000000002000049a                MySPIsendbuf
                0x00000000200004e6                MySPIsenddata
                0x00000000200004fc                SPI0_IRQHandler
 .highcode      0x0000000020000528      0x622 ./drivers/I2C/twi.o
                0x0000000020000528                twi_readFrom
                0x000000002000063e                twi_writeTo
                0x0000000020000730                I2C_IRQHandler
 .highcode      0x0000000020000b4a      0x32a ./StdPeriphDriver/CH58x_pwr.o
                0x0000000020000b4a                LowPower_Idle
                0x0000000020000b88                LowPower_Halt
                0x0000000020000c54                LowPower_Sleep
                0x0000000020000d78                LowPower_Shutdown
 .highcode      0x0000000020000e74      0x426 ../../LIB\libISP583.a(ISP583.o)
                0x0000000020000e74                FLASH_ROM_BEG
                0x0000000020000e86                FLASH_ROM_END
                0x0000000020000e94                FLASH_ROM_IN
                0x0000000020000ea2                FLASH_ROM_OUT
                0x0000000020000eb0                FLASH_ROM_ADDR
                0x0000000020000ef8                FLASH_ROM_WAIT
                0x0000000020000f30                FLASH_EEPROM_CMD
 .highcode      0x000000002000129a      0x44c ../../LIB\libCH58xBLE.a(tmos.o)
                0x000000002000129a                tmos_memcpy
                0x00000000200012ba                tmos_memcpy_word
                0x00000000200012d2                tmos_memset
                0x00000000200012e4                tmos_strlen
                0x00000000200012f8                tmos_memdup
                0x000000002000132a                tmos_memcmp
                0x0000000020001358                tmos_revmemcpy
                0x0000000020001374                tmos_isbufset
                0x0000000020001396                tmos_proces_system_time
                0x00000000200014e0                TMOS_SystemProcess
 .highcode      0x00000000200016e6       0x4c ../../LIB\libCH58xBLE.a(tmos_hw.o)
                0x0000000020001730                TMOS_TimerIRQHandler
 .highcode      0x0000000020001732      0x2d2 ../../LIB\libCH58xBLE.a(ll_connect.o)
                0x0000000020001732                ll_connect_send_data
                0x000000002000185a                ll_connect_recv_data
                0x000000002000193a                ll_connect_event_continue
 .highcode      0x0000000020001a04      0x310 ../../LIB\libCH58xBLE.a(ll_hop.o)
                0x0000000020001a04                LL_HopGetChannel
                0x0000000020001aaa                LL_HopGetChannel2
 .highcode      0x0000000020001d14       0x50 ../../LIB\libCH58xBLE.a(ll_whitelist.o)
                0x0000000020001d14                LL_WhitelistLookup
 .highcode      0x0000000020001d64      0x1e0 ../../LIB\libCH58xBLE.a(aes.o)
                0x0000000020001d64                AES_DevAESEnc
 .highcode      0x0000000020001f44      0x15a ../../LIB\libCH58xBLE.a(bb.o)
                0x0000000020001f44                BB_IRQLibHandler
                0x0000000020002054                BB_IRQLibFunction
 .highcode      0x000000002000209e      0x3dc ../../LIB\libCH58xBLE.a(ip.o)
                0x000000002000209e                ll_rx_wait_finish
                0x00000000200020dc                ble_ll_chkcrc
                0x000000002000217e                ll_tx_wait_finish
                0x00000000200022a2                BLE_CheckHoppingMap
 .highcode      0x000000002000247a      0x23c ../../LIB\libCH58xBLE.a(lle.o)
                0x000000002000247a                LLE_IRQLibHandler
                0x000000002000266c                LLE_IRQLibFunction
 .highcode      0x00000000200026b6      0x1be ../../LIB\libCH58xBLE.a(rf_fh.o)
                0x00000000200026b6                RF_HopGetChannel
                0x0000000020002724                RF_FrequencyHoppingGet
                0x00000000200027da                RF_FrequencyHoppingChange
 .highcode      0x0000000020002874       0x30 ../../LIB\libCH58xBLE.a(rfend.o)
                0x0000000020002874                RFEND_WaitTune
 .highcode      0x00000000200028a4      0x1ba ../../LIB\libCH58xBLE.a(memory.o)
                0x00000000200028a4                tmos_memory_allocate
                0x0000000020002976                tmos_memory_free
 .highcode      0x0000000020002a5e       0xd8 ../../LIB\libCH58xBLE.a(ll_resolvinglist.o)
                0x0000000020002a5e                LL_ResolvinglistPeerIdentifyAddressGetIrk
                0x0000000020002ab2                LL_ResolvinglistPeerRpaAddressGetIrk
                0x0000000020002af4                LL_ResolvinglistLocalRpaAddressGetIrk
 *(.highcode.*)
                0x0000000020002b38                . = ALIGN (0x4)
 *fill*         0x0000000020002b36        0x2 
                0x0000000020002b38                PROVIDE (_highcode_vma_end = .)

.text           0x0000000000002bd8    0x6b2f0
                0x0000000000002bd8                . = ALIGN (0x4)
 *(SORT_NONE(.handle_reset))
 .handle_reset  0x0000000000002bd8       0x80 ./arch/startup_CH583.o
                0x0000000000002bd8                handle_reset
 *(.text)
 .text          0x0000000000002c58       0xa8 c:/mounriver/mounriver_studio/toolchain/risc-v embedded gcc/bin/../lib/gcc/riscv-none-embed/8.2.0/../../../../riscv-none-embed/lib/rv32imac/ilp32\libg_nano.a(lib_a-memset.o)
                0x0000000000002c58                memset
 .text          0x0000000000002d00      0x11e c:/mounriver/mounriver_studio/toolchain/risc-v embedded gcc/bin/../lib/gcc/riscv-none-embed/8.2.0/../../../../riscv-none-embed/lib/rv32imac/ilp32\libg_nano.a(lib_a-strcmp.o)
                0x0000000000002d00                strcmp
 *(.text.*)
 .text._ZN14Adafruit_SHT31C2Ev
                0x0000000000002e1e        0x2 ./subsys/sensor/SHT30/Adafruit_SHT31.o
                0x0000000000002e1e                Adafruit_SHT31::Adafruit_SHT31()
                0x0000000000002e1e                Adafruit_SHT31::Adafruit_SHT31()
 .text._ZN14Adafruit_SHT3112writeCommandEt
                0x0000000000002e20       0x3a ./subsys/sensor/SHT30/Adafruit_SHT31.o
                0x0000000000002e20                Adafruit_SHT31::writeCommand(unsigned short)
 .text._ZN14Adafruit_SHT3110readStatusEv
                0x0000000000002e5a       0x46 ./subsys/sensor/SHT30/Adafruit_SHT31.o
                0x0000000000002e5a                Adafruit_SHT31::readStatus()
 .text._ZN14Adafruit_SHT315resetEv
                0x0000000000002ea0       0x1a ./subsys/sensor/SHT30/Adafruit_SHT31.o
                0x0000000000002ea0                Adafruit_SHT31::reset()
 .text._ZN14Adafruit_SHT315beginEh
                0x0000000000002eba       0x26 ./subsys/sensor/SHT30/Adafruit_SHT31.o
                0x0000000000002eba                Adafruit_SHT31::begin(unsigned char)
 .text._ZN14Adafruit_SHT314crc8EPKhi
                0x0000000000002ee0       0x36 ./subsys/sensor/SHT30/Adafruit_SHT31.o
                0x0000000000002ee0                Adafruit_SHT31::crc8(unsigned char const*, int)
 .text._ZN14Adafruit_SHT3111readTempHumEv
                0x0000000000002f16      0x128 ./subsys/sensor/SHT30/Adafruit_SHT31.o
                0x0000000000002f16                Adafruit_SHT31::readTempHum()
 .text._Z10setupSHT30v
                0x000000000000303e       0x1a ./subsys/sensor/SHT30/sensor_SHT30.o
                0x000000000000303e                setupSHT30()
 .text._Z9readSHT30v
                0x0000000000003058        0x6 ./subsys/sensor/SHT30/sensor_SHT30.o
                0x0000000000003058                readSHT30()
 .text.startup._GLOBAL__sub_I_sht
                0x000000000000305e        0x6 ./subsys/sensor/SHT30/sensor_SHT30.o
 .text._Z19Sensor_ProcessEventht
                0x0000000000003064       0x74 ./subsys/sensor/sensor_task.o
                0x0000000000003064                Sensor_ProcessEvent(unsigned char, unsigned short)
 .text._Z16Sensor_Task_Initv
                0x00000000000030d8       0x38 ./subsys/sensor/sensor_task.o
                0x00000000000030d8                Sensor_Task_Init()
 .text.startup._GLOBAL__sub_I_Sensor_TaskID
                0x0000000000003110        0x4 ./subsys/sensor/sensor_task.o
 .text.init     0x0000000000003114        0x2 ./subsys/LCD_show/pages/temperature/temperature.o
 .text.event    0x0000000000003116        0x2 ./subsys/LCD_show/pages/temperature/temperature.o
 .text.loop     0x0000000000003118       0x1c ./subsys/LCD_show/pages/temperature/temperature.o
 .text.quit     0x0000000000003134        0x6 ./subsys/LCD_show/pages/temperature/temperature.o
 .text.enter    0x000000000000313a       0x86 ./subsys/LCD_show/pages/temperature/temperature.o
 .text.dispMs   0x00000000000031c0       0x7a ./subsys/LCD_show/pages/stopwatch/stopwatch.o
 .text.quit     0x000000000000323a       0x12 ./subsys/LCD_show/pages/stopwatch/stopwatch.o
 .text.enter    0x000000000000324c       0xba ./subsys/LCD_show/pages/stopwatch/stopwatch.o
 .text.init     0x0000000000003306       0x3c ./subsys/LCD_show/pages/stopwatch/stopwatch.o
 .text.event    0x0000000000003342      0x166 ./subsys/LCD_show/pages/stopwatch/stopwatch.o
 .text.loop     0x00000000000034a8       0xb2 ./subsys/LCD_show/pages/stopwatch/stopwatch.o
 .text.init     0x000000000000355a        0x6 ./subsys/LCD_show/pages/shutter/shutter.o
 .text.event    0x0000000000003560       0x52 ./subsys/LCD_show/pages/shutter/shutter.o
 .text.quit     0x00000000000035b2       0x12 ./subsys/LCD_show/pages/shutter/shutter.o
 .text.enter    0x00000000000035c4       0x3e ./subsys/LCD_show/pages/shutter/shutter.o
 .text.loop     0x0000000000003602       0x4a ./subsys/LCD_show/pages/shutter/shutter.o
 .text.init     0x000000000000364c        0x6 ./subsys/LCD_show/pages/media/media.o
 .text.event    0x0000000000003652       0xca ./subsys/LCD_show/pages/media/media.o
 .text.quit     0x000000000000371c       0x12 ./subsys/LCD_show/pages/media/media.o
 .text.enter    0x000000000000372e       0x1a ./subsys/LCD_show/pages/media/media.o
 .text.loop     0x0000000000003748       0x54 ./subsys/LCD_show/pages/media/media.o
 .text.init     0x000000000000379c        0x6 ./subsys/LCD_show/pages/lucky/lucky.o
 .text.quit     0x00000000000037a2       0x14 ./subsys/LCD_show/pages/lucky/lucky.o
 .text.enter    0x00000000000037b6       0x62 ./subsys/LCD_show/pages/lucky/lucky.o
 .text.event    0x0000000000003818       0x7c ./subsys/LCD_show/pages/lucky/lucky.o
 .text.loop     0x0000000000003894       0x3c ./subsys/LCD_show/pages/lucky/lucky.o
 .text.init     0x00000000000038d0       0x10 ./subsys/LCD_show/pages/counter/counter.o
 .text.event    0x00000000000038e0       0xca ./subsys/LCD_show/pages/counter/counter.o
 .text.quit     0x00000000000039aa        0x6 ./subsys/LCD_show/pages/counter/counter.o
 .text.enter    0x00000000000039b0       0x92 ./subsys/LCD_show/pages/counter/counter.o
 .text.loop     0x0000000000003a42       0x46 ./subsys/LCD_show/pages/counter/counter.o
 .text.init     0x0000000000003a88        0x2 ./subsys/LCD_show/pages/clock/clock.o
 .text.dispTime
                0x0000000000003a8a      0x1f8 ./subsys/LCD_show/pages/clock/clock.o
 .text.event    0x0000000000003c82       0x12 ./subsys/LCD_show/pages/clock/clock.o
 .text.loop     0x0000000000003c94       0x1a ./subsys/LCD_show/pages/clock/clock.o
 .text.quit     0x0000000000003cae       0x14 ./subsys/LCD_show/pages/clock/clock.o
 .text.enter    0x0000000000003cc2       0x20 ./subsys/LCD_show/pages/clock/clock.o
 .text.init     0x0000000000003ce2        0x6 ./subsys/LCD_show/pages/pages.o
 .text.event    0x0000000000003ce8       0xb6 ./subsys/LCD_show/pages/pages.o
 .text.quit     0x0000000000003d9e        0x4 ./subsys/LCD_show/pages/pages.o
 .text.enter    0x0000000000003da2      0x13e ./subsys/LCD_show/pages/pages.o
 .text.switchpages
                0x0000000000003ee0      0x13a ./subsys/LCD_show/pages/pages.o
                0x0000000000003ee0                switchpages
 .text.poweroff
                0x000000000000401a       0x2c ./subsys/LCD_show/pages/pages.o
                0x000000000000401a                poweroff
 .text.loop     0x0000000000004046       0x9c ./subsys/LCD_show/pages/pages.o
 .text.manager_init
                0x00000000000040e2       0x30 ./subsys/LCD_show/manager/manager.o
                0x00000000000040e2                manager_init
 .text.manager_event
                0x0000000000004112       0x16 ./subsys/LCD_show/manager/manager.o
                0x0000000000004112                manager_event
 .text.manager_startEvent
                0x0000000000004128       0x20 ./subsys/LCD_show/manager/manager.o
                0x0000000000004128                manager_startEvent
 .text.manager_startEventOnce
                0x0000000000004148       0x20 ./subsys/LCD_show/manager/manager.o
                0x0000000000004148                manager_startEventOnce
 .text.manager_stopEvent
                0x0000000000004168       0x2c ./subsys/LCD_show/manager/manager.o
                0x0000000000004168                manager_stopEvent
 .text.manager_loop
                0x0000000000004194       0x16 ./subsys/LCD_show/manager/manager.o
                0x0000000000004194                manager_loop
 .text.manager_switchToChild
                0x00000000000041aa       0x3e ./subsys/LCD_show/manager/manager.o
                0x00000000000041aa                manager_switchToChild
 .text.manager_switchToParent
                0x00000000000041e8       0x34 ./subsys/LCD_show/manager/manager.o
                0x00000000000041e8                manager_switchToParent
 .text.manager_setBusy
                0x000000000000421c        0x6 ./subsys/LCD_show/manager/manager.o
                0x000000000000421c                manager_setBusy
 .text._UG_GetCharData
                0x0000000000004222       0xe6 ./subsys/LCD_show/UGUI/ugui.o
 .text._UG_FontSelect
                0x0000000000004308       0x7e ./subsys/LCD_show/UGUI/ugui.o
 .text._UG_PutChar
                0x0000000000004386      0x3c6 ./subsys/LCD_show/UGUI/ugui.o
 .text.UG_Init  0x000000000000474c       0xa0 ./subsys/LCD_show/UGUI/ugui.o
                0x000000000000474c                UG_Init
 .text.UG_GetGUI
                0x00000000000047ec        0x8 ./subsys/LCD_show/UGUI/ugui.o
                0x00000000000047ec                UG_GetGUI
 .text.UG_FontSelect
                0x00000000000047f4        0xc ./subsys/LCD_show/UGUI/ugui.o
                0x00000000000047f4                UG_FontSelect
 .text.UG_FillFrame
                0x0000000000004800       0x8a ./subsys/LCD_show/UGUI/ugui.o
                0x0000000000004800                UG_FillFrame
 .text.UG_FillScreen
                0x000000000000488a       0x24 ./subsys/LCD_show/UGUI/ugui.o
                0x000000000000488a                UG_FillScreen
 .text.UG_DrawLine
                0x00000000000048ae      0x154 ./subsys/LCD_show/UGUI/ugui.o
                0x00000000000048ae                UG_DrawLine
 .text.UG_PutString
                0x0000000000004a02       0xea ./subsys/LCD_show/UGUI/ugui.o
                0x0000000000004a02                UG_PutString
 .text.UG_PutChar
                0x0000000000004aec       0x56 ./subsys/LCD_show/UGUI/ugui.o
                0x0000000000004aec                UG_PutChar
 .text.UG_SetForecolor
                0x0000000000004b42        0xc ./subsys/LCD_show/UGUI/ugui.o
                0x0000000000004b42                UG_SetForecolor
 .text.UG_SetBackcolor
                0x0000000000004b4e        0xc ./subsys/LCD_show/UGUI/ugui.o
                0x0000000000004b4e                UG_SetBackcolor
 .text.UG_FontSetTransparency
                0x0000000000004b5a        0xc ./subsys/LCD_show/UGUI/ugui.o
                0x0000000000004b5a                UG_FontSetTransparency
 .text.UG_DriverRegister
                0x0000000000004b66       0x1a ./subsys/LCD_show/UGUI/ugui.o
                0x0000000000004b66                UG_DriverRegister
 .text.UG_DriverEnable
                0x0000000000004b80       0x26 ./subsys/LCD_show/UGUI/ugui.o
                0x0000000000004b80                UG_DriverEnable
 .text.LCD_Fill
                0x0000000000004ba6       0x64 ./subsys/LCD_show/GC9107/lcd.o
                0x0000000000004ba6                LCD_Fill
 .text.LCD_DrawPoint
                0x0000000000004c0a       0x24 ./subsys/LCD_show/GC9107/lcd.o
                0x0000000000004c0a                LCD_DrawPoint
 .text.LCD_DrawMonoImgFast
                0x0000000000004c2e       0xfc ./subsys/LCD_show/GC9107/lcd.o
                0x0000000000004c2e                LCD_DrawMonoImgFast
 .text.LCD_DrawMonoXBMFast
                0x0000000000004d2a       0xfa ./subsys/LCD_show/GC9107/lcd.o
                0x0000000000004d2a                LCD_DrawMonoXBMFast
 .text.LCD_DrawLine
                0x0000000000004e24       0xc8 ./subsys/LCD_show/GC9107/lcd.o
                0x0000000000004e24                LCD_DrawLine
 .text.LCD_GPIO_Init
                0x0000000000004eec       0x3a ./subsys/LCD_show/GC9107/lcd_init.o
                0x0000000000004eec                LCD_GPIO_Init
 .text.LCD_Init
                0x0000000000004f26      0x352 ./subsys/LCD_show/GC9107/lcd_init.o
                0x0000000000004f26                LCD_Init
 .text.Show_ProcessEvent
                0x0000000000005278      0x21e ./subsys/LCD_show/show_task.o
                0x0000000000005278                Show_ProcessEvent
 .text.Show_Task_Init
                0x0000000000005496       0x76 ./subsys/LCD_show/show_task.o
                0x0000000000005496                Show_Task_Init
 .text.pset     0x000000000000550c       0x1a ./subsys/LCD_show/ug.o
 .text.HW_FillFrame
                0x0000000000005526       0x58 ./subsys/LCD_show/ug.o
 .text.HW_DrawLine
                0x000000000000557e       0x20 ./subsys/LCD_show/ug.o
 .text.UG_GetStringWidth
                0x000000000000559e       0x52 ./subsys/LCD_show/ug.o
                0x000000000000559e                UG_GetStringWidth
 .text.ug_init  0x00000000000055f0       0x44 ./subsys/LCD_show/ug.o
                0x00000000000055f0                ug_init
 .text.BEEP_ProcessEvent
                0x0000000000005634      0x11e ./subsys/HAL/BEEP.o
                0x0000000000005634                BEEP_ProcessEvent
 .text.BEEP_Task_Init
                0x0000000000005752       0x26 ./subsys/HAL/BEEP.o
                0x0000000000005752                BEEP_Task_Init
 .text._Z17longClickDetectedR7Button2
                0x0000000000005778        0xe ./subsys/HAL/KEY.o
                0x0000000000005778                longClickDetected(Button2&)
 .text._Z5clickR7Button2
                0x0000000000005786       0x50 ./subsys/HAL/KEY.o
                0x0000000000005786                click(Button2&)
 .text._Z7pressedR7Button2
                0x00000000000057d6       0x50 ./subsys/HAL/KEY.o
                0x00000000000057d6                pressed(Button2&)
 .text._Z11doubleClickR7Button2
                0x0000000000005826       0x50 ./subsys/HAL/KEY.o
                0x0000000000005826                doubleClick(Button2&)
 .text._Z11tripleClickR7Button2
                0x0000000000005876       0x50 ./subsys/HAL/KEY.o
                0x0000000000005876                tripleClick(Button2&)
 .text._Z9longClickR7Button2
                0x00000000000058c6       0x56 ./subsys/HAL/KEY.o
                0x00000000000058c6                longClick(Button2&)
 .text.HAL_KeyGet
                0x000000000000591c       0x26 ./subsys/HAL/KEY.o
                0x000000000000591c                HAL_KeyGet
 .text.HalKeyConfig
                0x0000000000005942       0x3a ./subsys/HAL/KEY.o
                0x0000000000005942                HalKeyConfig
 .text.HAL_KeyInit
                0x000000000000597c      0x174 ./subsys/HAL/KEY.o
                0x000000000000597c                HAL_KeyInit
 .text._Z16OnBoard_SendKeyshh
                0x0000000000005af0       0x56 ./subsys/HAL/KEY.o
                0x0000000000005af0                OnBoard_SendKeys(unsigned char, unsigned char)
 .text.HalKeyCallback
                0x0000000000005b46        0x2 ./subsys/HAL/KEY.o
                0x0000000000005b46                HalKeyCallback
 .text.HAL_KeyPoll
                0x0000000000005b48       0x20 ./subsys/HAL/KEY.o
                0x0000000000005b48                HAL_KeyPoll
 .text.startup._GLOBAL__sub_I_button1
                0x0000000000005b68       0x20 ./subsys/HAL/KEY.o
 .text.Lib_Read_Flash
                0x0000000000005b88       0x1c ./subsys/HAL/MCU.o
                0x0000000000005b88                Lib_Read_Flash
 .text.Lib_Write_Flash
                0x0000000000005ba4       0x42 ./subsys/HAL/MCU.o
                0x0000000000005ba4                Lib_Write_Flash
 .text.HAL_GetInterTempValue
                0x0000000000005be6       0x72 ./subsys/HAL/MCU.o
                0x0000000000005be6                HAL_GetInterTempValue
 .text.HAL_ProcessEvent
                0x0000000000005c58       0xc6 ./subsys/HAL/MCU.o
                0x0000000000005c58                HAL_ProcessEvent
 .text.CH58X_BLEInit
                0x0000000000005d1e       0xe0 ./subsys/HAL/MCU.o
                0x0000000000005d1e                CH58X_BLEInit
 .text.HAL_Init
                0x0000000000005dfe       0x48 ./subsys/HAL/MCU.o
                0x0000000000005dfe                HAL_Init
 .text.OnBoard_SendMsg
                0x0000000000005e46       0x4e ./subsys/HAL/MCU.o
                0x0000000000005e46                OnBoard_SendMsg
 .text.HAL_TimeInit
                0x0000000000005e94       0x7c ./subsys/HAL/RTC.o
                0x0000000000005e94                HAL_TimeInit
 .text.CurrentTime_WriteAttrCB
                0x0000000000005f10       0xac ./subsys/BLE/profile/CTS_service.o
 .text.CurrentTime_ReadAttrCB
                0x0000000000005fbc       0x7a ./subsys/BLE/profile/CTS_service.o
 .text.CurrentTime_AddService
                0x0000000000006036       0x40 ./subsys/BLE/profile/CTS_service.o
                0x0000000000006036                CurrentTime_AddService
 .text.CurrentTime_Register
                0x0000000000006076        0x6 ./subsys/BLE/profile/CTS_service.o
                0x0000000000006076                CurrentTime_Register
 .text.CurrentTime_SetParameter
                0x000000000000607c       0x44 ./subsys/BLE/profile/CTS_service.o
                0x000000000000607c                CurrentTime_SetParameter
 .text.battMeasure
                0x00000000000060c0       0x78 ./subsys/BLE/profile/battservice.o
 .text.battWriteAttrCB
                0x0000000000006138       0x5e ./subsys/BLE/profile/battservice.o
 .text.battReadAttrCB
                0x0000000000006196       0x72 ./subsys/BLE/profile/battservice.o
 .text.battNotifyCB
                0x0000000000006208       0x72 ./subsys/BLE/profile/battservice.o
 .text.Batt_AddService
                0x000000000000627a       0x2c ./subsys/BLE/profile/battservice.o
                0x000000000000627a                Batt_AddService
 .text.Batt_Register
                0x00000000000062a6        0x6 ./subsys/BLE/profile/battservice.o
                0x00000000000062a6                Batt_Register
 .text.Batt_SetParameter
                0x00000000000062ac       0x36 ./subsys/BLE/profile/battservice.o
                0x00000000000062ac                Batt_SetParameter
 .text.Batt_GetParameter
                0x00000000000062e2       0x66 ./subsys/BLE/profile/battservice.o
                0x00000000000062e2                Batt_GetParameter
 .text.Batt_MeasLevel
                0x0000000000006348       0x28 ./subsys/BLE/profile/battservice.o
                0x0000000000006348                Batt_MeasLevel
 .text.Batt_HandleConnStatusCB
                0x0000000000006370       0x3e ./subsys/BLE/profile/battservice.o
                0x0000000000006370                Batt_HandleConnStatusCB
 .text.devInfo_ReadAttrCB
                0x00000000000063ae      0x196 ./subsys/BLE/profile/devinfoservice.o
 .text.DevInfo_AddService
                0x0000000000006544       0x18 ./subsys/BLE/profile/devinfoservice.o
                0x0000000000006544                DevInfo_AddService
 .text.Hid_AddService
                0x000000000000655c       0x9a ./subsys/BLE/profile/hidconsumerservice.o
                0x000000000000655c                Hid_AddService
 .text.Hid_SetParameter
                0x00000000000065f6       0x28 ./subsys/BLE/profile/hidconsumerservice.o
                0x00000000000065f6                Hid_SetParameter
 .text.Hid_GetParameter
                0x000000000000661e       0x28 ./subsys/BLE/profile/hidconsumerservice.o
                0x000000000000661e                Hid_GetParameter
 .text.hidDevParamUpdateCB
                0x0000000000006646        0x2 ./subsys/BLE/profile/hiddev.o
 .text.hidDevScanParamCB
                0x0000000000006648        0x2 ./subsys/BLE/profile/hiddev.o
 .text.hidDevRptByHandle
                0x000000000000664a       0x30 ./subsys/BLE/profile/hiddev.o
 .text.hidDevInitialAdvertising
                0x000000000000667a       0x3c ./subsys/BLE/profile/hiddev.o
 .text.hidDevBattCB
                0x00000000000066b6       0x28 ./subsys/BLE/profile/hiddev.o
 .text.hidDevPairStateCB
                0x00000000000066de       0x26 ./subsys/BLE/profile/hiddev.o
 .text.hidDevPasscodeCB
                0x0000000000006704       0x34 ./subsys/BLE/profile/hiddev.o
 .text.HidDev_ProcessEvent
                0x0000000000006738       0x72 ./subsys/BLE/profile/hiddev.o
                0x0000000000006738                HidDev_ProcessEvent
 .text.hidDevGapStateCB
                0x00000000000067aa      0x126 ./subsys/BLE/profile/hiddev.o
 .text.HidDev_Init
                0x00000000000068d0       0x6c ./subsys/BLE/profile/hiddev.o
                0x00000000000068d0                HidDev_Init
 .text.HidDev_Register
                0x000000000000693c        0xa ./subsys/BLE/profile/hiddev.o
                0x000000000000693c                HidDev_Register
 .text.HidDev_RegisterReports
                0x0000000000006946        0xa ./subsys/BLE/profile/hiddev.o
                0x0000000000006946                HidDev_RegisterReports
 .text.HidDev_Report
                0x0000000000006950      0x12e ./subsys/BLE/profile/hiddev.o
                0x0000000000006950                HidDev_Report
 .text.HidDev_ReadAttrCB
                0x0000000000006a7e      0x106 ./subsys/BLE/profile/hiddev.o
                0x0000000000006a7e                HidDev_ReadAttrCB
 .text.HidDev_WriteAttrCB
                0x0000000000006b84      0x148 ./subsys/BLE/profile/hiddev.o
                0x0000000000006b84                HidDev_WriteAttrCB
 .text.scanParamReadAttrCB
                0x0000000000006ccc        0x4 ./subsys/BLE/profile/scanparamservice.o
 .text.scanParamWriteAttrCB
                0x0000000000006cd0       0x66 ./subsys/BLE/profile/scanparamservice.o
 .text.ScanParam_AddService
                0x0000000000006d36       0x2c ./subsys/BLE/profile/scanparamservice.o
                0x0000000000006d36                ScanParam_AddService
 .text.ScanParam_Register
                0x0000000000006d62        0x6 ./subsys/BLE/profile/scanparamservice.o
                0x0000000000006d62                ScanParam_Register
 .text.ScanParam_RefreshNotify
                0x0000000000006d68       0x5c ./subsys/BLE/profile/scanparamservice.o
                0x0000000000006d68                ScanParam_RefreshNotify
 .text.ScanParam_HandleConnStatusCB
                0x0000000000006dc4       0x3e ./subsys/BLE/profile/scanparamservice.o
                0x0000000000006dc4                ScanParam_HandleConnStatusCB
 .text.CurrentTimeCB
                0x0000000000006e02      0x150 ./subsys/BLE/CTS.o
 .text.CurrentTime_ProcessEvent
                0x0000000000006f52       0x30 ./subsys/BLE/CTS.o
                0x0000000000006f52                CurrentTime_ProcessEvent
 .text.cts_init
                0x0000000000006f82       0x2e ./subsys/BLE/CTS.o
                0x0000000000006f82                cts_init
 .text.CurrentTime_Init
                0x0000000000006fb0       0x2e ./subsys/BLE/CTS.o
                0x0000000000006fb0                CurrentTime_Init
 .text.hidEmuEvtCB
                0x0000000000006fde        0x2 ./subsys/BLE/hidconsumer.o
 .text.hidEmuStateCB
                0x0000000000006fe0       0x68 ./subsys/BLE/hidconsumer.o
 .text.hidEmuRptCB
                0x0000000000007048       0x3e ./subsys/BLE/hidconsumer.o
 .text.HidEmu_Init
                0x0000000000007086       0xec ./subsys/BLE/hidconsumer.o
                0x0000000000007086                HidEmu_Init
 .text.hidEmuSendConsumerReport
                0x0000000000007172       0x1a ./subsys/BLE/hidconsumer.o
                0x0000000000007172                hidEmuSendConsumerReport
 .text.HidEmu_ProcessEvent
                0x000000000000718c       0x80 ./subsys/BLE/hidconsumer.o
                0x000000000000718c                HidEmu_ProcessEvent
 .text._init    0x000000000000720c        0x2 ./src/cpp.o
                0x000000000000720c                _init
 .text._fini    0x000000000000720e        0x2 ./src/cpp.o
                0x000000000000720e                _fini
 .text.startup.main
                0x0000000000007210       0xc6 ./src/main.o
                0x0000000000007210                main
 .text.SystemInit
                0x00000000000072d6        0x8 ./soc/soc.o
                0x00000000000072d6                SystemInit
 .text.GetSysClock
                0x00000000000072de       0x42 ./soc/soc.o
                0x00000000000072de                GetSysClock
 .text.SYS_DisableAllIrq
                0x0000000000007320       0x1c ./soc/soc.o
                0x0000000000007320                SYS_DisableAllIrq
 .text.SYS_RecoverIrq
                0x000000000000733c       0x14 ./soc/soc.o
                0x000000000000733c                SYS_RecoverIrq
 .text.SYS_GetSysTickCnt
                0x0000000000007350        0xa ./soc/soc.o
                0x0000000000007350                SYS_GetSysTickCnt
 .text.millis   0x000000000000735a        0x8 ./soc/soc.o
                0x000000000000735a                millis
 .text.DEBUG_Init
                0x0000000000007362        0x2 ./drivers/debug/DEBUG.o
                0x0000000000007362                DEBUG_Init
 .text.MySPIinit
                0x0000000000007364       0x6c ./drivers/SPI/mySPI.o
                0x0000000000007364                MySPIinit
 .text.lwrb_init
                0x00000000000073d0       0x52 ./drivers/RingBuffer/lwrb.o
                0x00000000000073d0                lwrb_init
 .text.lwrb_get_free
                0x0000000000007422       0x46 ./drivers/RingBuffer/lwrb.o
                0x0000000000007422                lwrb_get_free
 .text.lwrb_write
                0x0000000000007468       0xbc ./drivers/RingBuffer/lwrb.o
                0x0000000000007468                lwrb_write
 .text.lwrb_get_full
                0x0000000000007524       0x46 ./drivers/RingBuffer/lwrb.o
                0x0000000000007524                lwrb_get_full
 .text.lwrb_read
                0x000000000000756a       0xbc ./drivers/RingBuffer/lwrb.o
                0x000000000000756a                lwrb_read
 .text._Z9ReceiveCBi
                0x0000000000007626        0x2 ./drivers/I2C/myi2c.o
                0x0000000000007626                ReceiveCB(int)
 .text._ZN7TwoWire16onReceiveServiceEPhi
                0x0000000000007628       0x4c ./drivers/I2C/myi2c.o
                0x0000000000007628                TwoWire::onReceiveService(unsigned char*, int)
 .text._ZN7TwoWire16onRequestServiceEv
                0x0000000000007674       0x18 ./drivers/I2C/myi2c.o
                0x0000000000007674                TwoWire::onRequestService()
 .text._Z9RequestCBv
                0x000000000000768c       0x20 ./drivers/I2C/myi2c.o
                0x000000000000768c                RequestCB()
 .text._ZN7TwoWire5beginEv
                0x00000000000076ac       0x56 ./drivers/I2C/myi2c.o
                0x00000000000076ac                TwoWire::begin()
 .text._ZN7TwoWire17beginTransmissionEh
                0x0000000000007702       0x14 ./drivers/I2C/myi2c.o
                0x0000000000007702                TwoWire::beginTransmission(unsigned char)
 .text._ZN7TwoWire15endTransmissionEb
                0x0000000000007716       0x3a ./drivers/I2C/myi2c.o
                0x0000000000007716                TwoWire::endTransmission(bool)
 .text._ZN7TwoWire15endTransmissionEv
                0x0000000000007750        0x6 ./drivers/I2C/myi2c.o
                0x0000000000007750                TwoWire::endTransmission()
 .text._ZN7TwoWire5writeEh
                0x0000000000007756       0x38 ./drivers/I2C/myi2c.o
                0x0000000000007756                TwoWire::write(unsigned char)
 .text._ZN7TwoWire11requestFromEhhmhh
                0x000000000000778e       0x9c ./drivers/I2C/myi2c.o
                0x000000000000778e                TwoWire::requestFrom(unsigned char, unsigned char, unsigned long, unsigned char, unsigned char)
 .text._ZN7TwoWire11requestFromEhhb
                0x000000000000782a        0xa ./drivers/I2C/myi2c.o
                0x000000000000782a                TwoWire::requestFrom(unsigned char, unsigned char, bool)
 .text._ZN7TwoWire11requestFromEhh
                0x0000000000007834        0x6 ./drivers/I2C/myi2c.o
                0x0000000000007834                TwoWire::requestFrom(unsigned char, unsigned char)
 .text._ZN7TwoWire9availableEv
                0x000000000000783a        0xc ./drivers/I2C/myi2c.o
                0x000000000000783a                TwoWire::available()
 .text._ZN7TwoWire4readEv
                0x0000000000007846       0x24 ./drivers/I2C/myi2c.o
                0x0000000000007846                TwoWire::read()
 .text.twi_reply.part.0
                0x000000000000786a       0x12 ./drivers/I2C/twi.o
 .text.twi_init
                0x000000000000787c       0x50 ./drivers/I2C/twi.o
                0x000000000000787c                twi_init
 .text.twi_transmit
                0x00000000000078cc       0x5c ./drivers/I2C/twi.o
                0x00000000000078cc                twi_transmit
 .text.twi_attachSlaveRxEvent
                0x0000000000007928        0x6 ./drivers/I2C/twi.o
                0x0000000000007928                twi_attachSlaveRxEvent
 .text.twi_attachSlaveTxEvent
                0x000000000000792e        0x6 ./drivers/I2C/twi.o
                0x000000000000792e                twi_attachSlaveTxEvent
 .text.twi_reply
                0x0000000000007934       0x20 ./drivers/I2C/twi.o
                0x0000000000007934                twi_reply
 .text.twi_start
                0x0000000000007954       0x26 ./drivers/I2C/twi.o
                0x0000000000007954                twi_start
 .text.twi_stop
                0x000000000000797a       0x16 ./drivers/I2C/twi.o
                0x000000000000797a                twi_stop
 .text.easyflash_init
                0x0000000000007990       0x34 ./drivers/HAL_FLASH/easyflash.o
                0x0000000000007990                easyflash_init
 .text.get_status
                0x00000000000079c4       0x22 ./drivers/HAL_FLASH/ef_env.o
 .text.update_sector_cache
                0x00000000000079e6       0x5c ./drivers/HAL_FLASH/ef_env.o
 .text.get_next_sector_addr
                0x0000000000007a42       0x2e ./drivers/HAL_FLASH/ef_env.o
 .text.gc_check_cb
                0x0000000000007a70       0x10 ./drivers/HAL_FLASH/ef_env.o
 .text.update_env_cache
                0x0000000000007a80       0xa2 ./drivers/HAL_FLASH/ef_env.o
 .text.find_env_cb
                0x0000000000007b22       0x50 ./drivers/HAL_FLASH/ef_env.o
 .text.write_status
                0x0000000000007b72       0x3c ./drivers/HAL_FLASH/ef_env.o
 .text.read_env
                0x0000000000007bae       0xe2 ./drivers/HAL_FLASH/ef_env.o
 .text.align_write
                0x0000000000007c90       0x4c ./drivers/HAL_FLASH/ef_env.o
 .text.sector_statistics_cb
                0x0000000000007cdc       0x26 ./drivers/HAL_FLASH/ef_env.o
 .text.alloc_env_cb
                0x0000000000007d02       0x2e ./drivers/HAL_FLASH/ef_env.o
 .text.update_sec_status
                0x0000000000007d30       0x74 ./drivers/HAL_FLASH/ef_env.o
 .text.print_env_cb
                0x0000000000007da4       0xf2 ./drivers/HAL_FLASH/ef_env.o
 .text.format_sector.constprop.14
                0x0000000000007e96       0x5e ./drivers/HAL_FLASH/ef_env.o
 .text.check_sec_hdr_cb
                0x0000000000007ef4       0x22 ./drivers/HAL_FLASH/ef_env.o
 .text.get_next_env_addr
                0x0000000000007f16      0x102 ./drivers/HAL_FLASH/ef_env.o
 .text.read_sector_meta_data
                0x0000000000008018      0x1a6 ./drivers/HAL_FLASH/ef_env.o
 .text.sector_iterator
                0x00000000000081be       0x72 ./drivers/HAL_FLASH/ef_env.o
 .text.alloc_env
                0x0000000000008230       0x7e ./drivers/HAL_FLASH/ef_env.o
 .text.gc_collect
                0x00000000000082ae       0x44 ./drivers/HAL_FLASH/ef_env.o
 .text.new_env  0x00000000000082f2       0x32 ./drivers/HAL_FLASH/ef_env.o
 .text.create_env_blob
                0x0000000000008324      0x1b8 ./drivers/HAL_FLASH/ef_env.o
 .text.check_and_recovery_gc_cb
                0x00000000000084dc       0x28 ./drivers/HAL_FLASH/ef_env.o
 .text.env_iterator
                0x0000000000008504       0x6e ./drivers/HAL_FLASH/ef_env.o
 .text.find_env
                0x0000000000008572       0xe4 ./drivers/HAL_FLASH/ef_env.o
 .text.del_env  0x0000000000008656       0xae ./drivers/HAL_FLASH/ef_env.o
 .text.move_env
                0x0000000000008704      0x12c ./drivers/HAL_FLASH/ef_env.o
 .text.check_and_recovery_env_cb
                0x0000000000008830       0x3a ./drivers/HAL_FLASH/ef_env.o
 .text.do_gc    0x000000000000886a       0x74 ./drivers/HAL_FLASH/ef_env.o
 .text.ef_env_set_default
                0x00000000000088de       0x8c ./drivers/HAL_FLASH/ef_env.o
                0x00000000000088de                ef_env_set_default
 .text.ef_print_env
                0x000000000000896a       0x4c ./drivers/HAL_FLASH/ef_env.o
                0x000000000000896a                ef_print_env
 .text.ef_load_env
                0x00000000000089b6       0x7a ./drivers/HAL_FLASH/ef_env.o
                0x00000000000089b6                ef_load_env
 .text.ef_env_init
                0x0000000000008a30       0x6c ./drivers/HAL_FLASH/ef_env.o
                0x0000000000008a30                ef_env_init
 .text.get_next_flash_sec_addr
                0x0000000000008a9c       0x1a ./drivers/HAL_FLASH/ef_log.o
 .text.get_sector_status
                0x0000000000008ab6       0x66 ./drivers/HAL_FLASH/ef_log.o
 .text.ef_log_clean
                0x0000000000008b1c       0x8a ./drivers/HAL_FLASH/ef_log.o
                0x0000000000008b1c                ef_log_clean
 .text.ef_log_init
                0x0000000000008ba6      0x196 ./drivers/HAL_FLASH/ef_log.o
                0x0000000000008ba6                ef_log_init
 .text.ef_port_init
                0x0000000000008d3c       0x12 ./drivers/HAL_FLASH/ef_port.o
                0x0000000000008d3c                ef_port_init
 .text.ef_port_read
                0x0000000000008d4e       0x14 ./drivers/HAL_FLASH/ef_port.o
                0x0000000000008d4e                ef_port_read
 .text.ef_port_erase
                0x0000000000008d62       0x54 ./drivers/HAL_FLASH/ef_port.o
                0x0000000000008d62                ef_port_erase
 .text.ef_port_write
                0x0000000000008db6       0xce ./drivers/HAL_FLASH/ef_port.o
                0x0000000000008db6                ef_port_write
 .text.ef_port_env_lock
                0x0000000000008e84        0x8 ./drivers/HAL_FLASH/ef_port.o
                0x0000000000008e84                ef_port_env_lock
 .text.ef_port_env_unlock
                0x0000000000008e8c        0xa ./drivers/HAL_FLASH/ef_port.o
                0x0000000000008e8c                ef_port_env_unlock
 .text.ef_print
                0x0000000000008e96       0x3e ./drivers/HAL_FLASH/ef_port.o
                0x0000000000008e96                ef_print
 .text.ef_calc_crc32
                0x0000000000008ed4       0x30 ./drivers/HAL_FLASH/ef_utils.o
                0x0000000000008ed4                ef_calc_crc32
 .text._Z7pinModeh15GPIOModeTypeDef
                0x0000000000008f04       0x18 ./drivers/GPIO/myGPIO.o
                0x0000000000008f04                pinMode(unsigned char, GPIOModeTypeDef)
 .text._Z11digitalReadh
                0x0000000000008f1c       0x30 ./drivers/GPIO/myGPIO.o
                0x0000000000008f1c                digitalRead(unsigned char)
 .text._ZN7Button2eqERS_
                0x0000000000008f4c        0x8 ./drivers/Button2/Button2.o
                0x0000000000008f4c                Button2::operator==(Button2&)
 .text._ZN7Button217setPressedHandlerEPFvRS_E
                0x0000000000008f54        0x4 ./drivers/Button2/Button2.o
                0x0000000000008f54                Button2::setPressedHandler(void (*)(Button2&))
 .text._ZN7Button215setClickHandlerEPFvRS_E
                0x0000000000008f58        0x4 ./drivers/Button2/Button2.o
                0x0000000000008f58                Button2::setClickHandler(void (*)(Button2&))
 .text._ZN7Button219setLongClickHandlerEPFvRS_E
                0x0000000000008f5c        0x4 ./drivers/Button2/Button2.o
                0x0000000000008f5c                Button2::setLongClickHandler(void (*)(Button2&))
 .text._ZN7Button227setLongClickDetectedHandlerEPFvRS_E
                0x0000000000008f60        0x4 ./drivers/Button2/Button2.o
                0x0000000000008f60                Button2::setLongClickDetectedHandler(void (*)(Button2&))
 .text._ZN7Button221setTripleClickHandlerEPFvRS_E
                0x0000000000008f64        0x4 ./drivers/Button2/Button2.o
                0x0000000000008f64                Button2::setTripleClickHandler(void (*)(Button2&))
 .text._ZNK7Button213wasPressedForEv
                0x0000000000008f68        0x4 ./drivers/Button2/Button2.o
                0x0000000000008f68                Button2::wasPressedFor() const
 .text._ZN7Button26_setIDEv
                0x0000000000008f6c        0xe ./drivers/Button2/Button2.o
                0x0000000000008f6c                Button2::_setID()
 .text._ZN7Button2C2Ev
                0x0000000000008f7a       0x5e ./drivers/Button2/Button2.o
                0x0000000000008f7a                Button2::Button2()
                0x0000000000008f7a                Button2::Button2()
 .text._ZN7Button214_validKeypressEv
                0x0000000000008fd8       0x32 ./drivers/Button2/Button2.o
                0x0000000000008fd8                Button2::_validKeypress()
 .text._ZN7Button218_checkForLongClickEl
                0x000000000000900a       0x48 ./drivers/Button2/Button2.o
                0x000000000000900a                Button2::_checkForLongClick(long)
 .text._ZN7Button212_handlePressEl
                0x0000000000009052       0x5a ./drivers/Button2/Button2.o
                0x0000000000009052                Button2::_handlePress(long)
 .text._ZN7Button213_reportClicksEv
                0x00000000000090ac       0x5e ./drivers/Button2/Button2.o
                0x00000000000090ac                Button2::_reportClicks()
 .text._ZN7Button212_releasedNowEl
                0x000000000000910a       0x46 ./drivers/Button2/Button2.o
                0x000000000000910a                Button2::_releasedNow(long)
 .text._ZN7Button214_handleReleaseEl
                0x0000000000009150       0x28 ./drivers/Button2/Button2.o
                0x0000000000009150                Button2::_handleRelease(long)
 .text._ZNK7Button29_getStateEv
                0x0000000000009178       0x20 ./drivers/Button2/Button2.o
                0x0000000000009178                Button2::_getState() const
 .text._ZN7Button25beginEh15GPIOModeTypeDefb
                0x0000000000009198       0x42 ./drivers/Button2/Button2.o
                0x0000000000009198                Button2::begin(unsigned char, GPIOModeTypeDef, bool)
 .text._ZN7Button24loopEv
                0x00000000000091da       0x52 ./drivers/Button2/Button2.o
                0x00000000000091da                Button2::loop()
 .text.ADC_InterTSSampInit
                0x000000000000922c       0x28 ./StdPeriphDriver/CH58x_adc.o
                0x000000000000922c                ADC_InterTSSampInit
 .text.RTC_InitTime
                0x0000000000009254      0x18e ./StdPeriphDriver/CH58x_clk.o
                0x0000000000009254                RTC_InitTime
 .text.GPIOA_ModeCfg
                0x00000000000093e2       0xa6 ./StdPeriphDriver/CH58x_gpio.o
                0x00000000000093e2                GPIOA_ModeCfg
 .text.GPIOB_ModeCfg
                0x0000000000009488       0xa6 ./StdPeriphDriver/CH58x_gpio.o
                0x0000000000009488                GPIOB_ModeCfg
 .text.I2C_ITConfig
                0x000000000000952e       0x1e ./StdPeriphDriver/CH58x_i2c.o
                0x000000000000952e                I2C_ITConfig
 .text.I2C_SoftwareResetCmd
                0x000000000000954c       0x1a ./StdPeriphDriver/CH58x_i2c.o
                0x000000000000954c                I2C_SoftwareResetCmd
 .text.I2C_Init
                0x0000000000009566      0x15a ./StdPeriphDriver/CH58x_i2c.o
                0x0000000000009566                I2C_Init
 .text.PWMX_CycleCfg
                0x00000000000096c0       0x8c ./StdPeriphDriver/CH58x_pwm.o
                0x00000000000096c0                PWMX_CycleCfg
 .text.PWMX_ACTOUT
                0x000000000000974c       0x5e ./StdPeriphDriver/CH58x_pwm.o
                0x000000000000974c                PWMX_ACTOUT
 .text.PWR_DCDCCfg
                0x00000000000097aa       0xa0 ./StdPeriphDriver/CH58x_pwr.o
                0x00000000000097aa                PWR_DCDCCfg
 .text.tmos_msg_enqueue
                0x000000000000984a       0x1e ../../LIB\libCH58xBLE.a(message.o)
                0x000000000000984a                tmos_msg_enqueue
 .text.tmos_msg_deallocate
                0x0000000000009868       0x2c ../../LIB\libCH58xBLE.a(message.o)
                0x0000000000009868                tmos_msg_deallocate
 .text.tmos_msg_allocate
                0x0000000000009894       0x46 ../../LIB\libCH58xBLE.a(message.o)
                0x0000000000009894                tmos_msg_allocate
 .text.tmos_msg_receive
                0x00000000000098da       0x72 ../../LIB\libCH58xBLE.a(message.o)
                0x00000000000098da                tmos_msg_receive
 .text.tmos_msg_send
                0x000000000000994c       0x66 ../../LIB\libCH58xBLE.a(message.o)
                0x000000000000994c                tmos_msg_send
 .text.tmos_msg_init
                0x00000000000099b2        0xa ../../LIB\libCH58xBLE.a(message.o)
                0x00000000000099b2                tmos_msg_init
 .text.tmosFindTask
                0x00000000000099bc       0x24 ../../LIB\libCH58xBLE.a(tmos.o)
 .text.TMOS_CB_PeriodicProcessEvent
                0x00000000000099e0       0x86 ../../LIB\libCH58xBLE.a(tmos.o)
                0x00000000000099e0                TMOS_CB_PeriodicProcessEvent
 .text.TMOS_CB_ProcessEvent
                0x0000000000009a66       0x84 ../../LIB\libCH58xBLE.a(tmos.o)
                0x0000000000009a66                TMOS_CB_ProcessEvent
 .text.tmos_rand
                0x0000000000009aea       0x52 ../../LIB\libCH58xBLE.a(tmos.o)
                0x0000000000009aea                tmos_rand
 .text.tmos_proces_sleep
                0x0000000000009b3c      0x132 ../../LIB\libCH58xBLE.a(tmos.o)
                0x0000000000009b3c                tmos_proces_sleep
 .text.tmos_start_periodic_callback_task
                0x0000000000009c6e       0xfc ../../LIB\libCH58xBLE.a(tmos.o)
                0x0000000000009c6e                tmos_start_periodic_callback_task
 .text.tmos_set_event
                0x0000000000009d6a       0x2e ../../LIB\libCH58xBLE.a(tmos.o)
                0x0000000000009d6a                tmos_set_event
 .text.tmos_clear_event
                0x0000000000009d98       0x32 ../../LIB\libCH58xBLE.a(tmos.o)
                0x0000000000009d98                tmos_clear_event
 .text.tmos_update_callback_timer
                0x0000000000009dca       0xc4 ../../LIB\libCH58xBLE.a(tmos.o)
                0x0000000000009dca                tmos_update_callback_timer
 .text.tmos_start_task
                0x0000000000009e8e      0x120 ../../LIB\libCH58xBLE.a(tmos.o)
                0x0000000000009e8e                tmos_start_task
 .text.tmos_start_callback_task
                0x0000000000009fae       0x9a ../../LIB\libCH58xBLE.a(tmos.o)
                0x0000000000009fae                tmos_start_callback_task
 .text.tmos_start_reload_task
                0x000000000000a048       0x58 ../../LIB\libCH58xBLE.a(tmos.o)
                0x000000000000a048                tmos_start_reload_task
 .text.tmos_stop_task
                0x000000000000a0a0       0x52 ../../LIB\libCH58xBLE.a(tmos.o)
                0x000000000000a0a0                tmos_stop_task
 .text.tmos_stop_callback_task
                0x000000000000a0f2       0x5c ../../LIB\libCH58xBLE.a(tmos.o)
                0x000000000000a0f2                tmos_stop_callback_task
 .text.tmos_get_task_timer
                0x000000000000a14e       0x6c ../../LIB\libCH58xBLE.a(tmos.o)
                0x000000000000a14e                tmos_get_task_timer
 .text.TMOS_TimerRegister
                0x000000000000a1ba       0x1e ../../LIB\libCH58xBLE.a(tmos.o)
                0x000000000000a1ba                TMOS_TimerRegister
 .text.TMOS_ProcessRegister
                0x000000000000a1d8       0x16 ../../LIB\libCH58xBLE.a(tmos.o)
                0x000000000000a1d8                TMOS_ProcessRegister
 .text.TMOS_Init
                0x000000000000a1ee      0x12e ../../LIB\libCH58xBLE.a(tmos.o)
                0x000000000000a1ee                TMOS_Init
 .text.TMOS_ProcessEventRegister
                0x000000000000a31c       0x3c ../../LIB\libCH58xBLE.a(tmos.o)
                0x000000000000a31c                TMOS_ProcessEventRegister
 .text.BLE_LibInit
                0x000000000000a358      0x174 ../../LIB\libCH58xBLE.a(tmos.o)
                0x000000000000a358                BLE_LibInit
 .text.clockGetTickValve
                0x000000000000a4cc       0x70 ../../LIB\libCH58xBLE.a(tmos_hw.o)
 .text.ll_get_sca_divisor
                0x000000000000a53c       0x40 ../../LIB\libCH58xBLE.a(tmos_hw.o)
                0x000000000000a53c                ll_get_sca_divisor
 .text.ll_get_sca_own
                0x000000000000a57c       0x46 ../../LIB\libCH58xBLE.a(tmos_hw.o)
                0x000000000000a57c                ll_get_sca_own
 .text.ble_ll_common_rand8
                0x000000000000a5c2       0x24 ../../LIB\libCH58xBLE.a(tmos_hw.o)
                0x000000000000a5c2                ble_ll_common_rand8
 .text.ble_ll_common_rand16
                0x000000000000a5e6       0x24 ../../LIB\libCH58xBLE.a(tmos_hw.o)
                0x000000000000a5e6                ble_ll_common_rand16
 .text.ble_ll_common_rand32
                0x000000000000a60a       0x20 ../../LIB\libCH58xBLE.a(tmos_hw.o)
                0x000000000000a60a                ble_ll_common_rand32
 .text.TMOS_TempSample
                0x000000000000a62a       0x62 ../../LIB\libCH58xBLE.a(tmos_hw.o)
                0x000000000000a62a                TMOS_TempSample
 .text.TMOS_TimerInit
                0x000000000000a68c       0xca ../../LIB\libCH58xBLE.a(tmos_hw.o)
                0x000000000000a68c                TMOS_TimerInit
 .text.tmos_snv_init
                0x000000000000a756       0xc0 ../../LIB\libCH58xBLE.a(tmos_snv.o)
                0x000000000000a756                tmos_snv_init
 .text.tmos_snv_clear
                0x000000000000a816       0xb2 ../../LIB\libCH58xBLE.a(tmos_snv.o)
                0x000000000000a816                tmos_snv_clear
 .text.tmos_snv_read
                0x000000000000a8c8      0x292 ../../LIB\libCH58xBLE.a(tmos_snv.o)
                0x000000000000a8c8                tmos_snv_read
 .text.tmos_snv_notify
                0x000000000000ab5a       0x5a ../../LIB\libCH58xBLE.a(tmos_snv.o)
                0x000000000000ab5a                tmos_snv_notify
 .text.tmos_snv_write
                0x000000000000abb4      0x2ce ../../LIB\libCH58xBLE.a(tmos_snv.o)
                0x000000000000abb4                tmos_snv_write
 .text.tmos_snv_compact
                0x000000000000ae82        0x4 ../../LIB\libCH58xBLE.a(tmos_snv.o)
                0x000000000000ae82                tmos_snv_compact
 .text.disconnectNext
                0x000000000000ae86       0x22 ../../LIB\libCH58xBLE.a(gap.o)
 .text.GAP_ParamInit
                0x000000000000aea8      0x14e ../../LIB\libCH58xBLE.a(gap.o)
                0x000000000000aea8                GAP_ParamInit
 .text.sendTerminateEvent
                0x000000000000aff6       0x58 ../../LIB\libCH58xBLE.a(gap.o)
                0x000000000000aff6                sendTerminateEvent
 .text.gapRegisterCentral
                0x000000000000b04e        0x6 ../../LIB\libCH58xBLE.a(gap.o)
                0x000000000000b04e                gapRegisterCentral
 .text.gapRegisterCentralConn
                0x000000000000b054        0x6 ../../LIB\libCH58xBLE.a(gap.o)
                0x000000000000b054                gapRegisterCentralConn
 .text.gapRegisterPeripheral
                0x000000000000b05a        0x6 ../../LIB\libCH58xBLE.a(gap.o)
                0x000000000000b05a                gapRegisterPeripheral
 .text.gapRegisterPeripheralConn
                0x000000000000b060        0x6 ../../LIB\libCH58xBLE.a(gap.o)
                0x000000000000b060                gapRegisterPeripheralConn
 .text.smGenerateRandBuf
                0x000000000000b066       0x56 ../../LIB\libCH58xBLE.a(gap.o)
                0x000000000000b066                smGenerateRandBuf
 .text.gapL2capConnParamUpdateReq
                0x000000000000b0bc       0x36 ../../LIB\libCH58xBLE.a(gap.o)
                0x000000000000b0bc                gapL2capConnParamUpdateReq
 .text.gapValidADType
                0x000000000000b0f2       0x16 ../../LIB\libCH58xBLE.a(gap.o)
                0x000000000000b0f2                gapValidADType
 .text.gapFindADType
                0x000000000000b108       0x94 ../../LIB\libCH58xBLE.a(gap.o)
                0x000000000000b108                gapFindADType
 .text.GAP_SecParamsInit
                0x000000000000b19c       0xae ../../LIB\libCH58xBLE.a(gap.o)
                0x000000000000b19c                GAP_SecParamsInit
 .text.GAP_ParamsInit
                0x000000000000b24a       0x50 ../../LIB\libCH58xBLE.a(gap.o)
                0x000000000000b24a                GAP_ParamsInit
 .text.gapAddAddrAdj
                0x000000000000b29a       0x48 ../../LIB\libCH58xBLE.a(gap.o)
                0x000000000000b29a                gapAddAddrAdj
 .text.gapDetermineAddrType
                0x000000000000b2e2       0x28 ../../LIB\libCH58xBLE.a(gap.o)
                0x000000000000b2e2                gapDetermineAddrType
 .text.gapFreeAuthLink
                0x000000000000b30a       0x4a ../../LIB\libCH58xBLE.a(gap.o)
                0x000000000000b30a                gapFreeAuthLink
 .text.gapGetDevAddress
                0x000000000000b354       0x24 ../../LIB\libCH58xBLE.a(gap.o)
                0x000000000000b354                gapGetDevAddress
 .text.gapGetDevAddressMode
                0x000000000000b378        0xa ../../LIB\libCH58xBLE.a(gap.o)
                0x000000000000b378                gapGetDevAddressMode
 .text.gapGetIRK
                0x000000000000b382        0xc ../../LIB\libCH58xBLE.a(gap.o)
                0x000000000000b382                gapGetIRK
 .text.gapGetSRK
                0x000000000000b38e        0xc ../../LIB\libCH58xBLE.a(gap.o)
                0x000000000000b38e                gapGetSRK
 .text.gapGetSignCounter
                0x000000000000b39a        0xe ../../LIB\libCH58xBLE.a(gap.o)
                0x000000000000b39a                gapGetSignCounter
 .text.gapIncSignCounter
                0x000000000000b3a8       0x28 ../../LIB\libCH58xBLE.a(gap.o)
                0x000000000000b3a8                gapIncSignCounter
 .text.gapProcessConnEvt
                0x000000000000b3d0       0x48 ../../LIB\libCH58xBLE.a(gap.o)
                0x000000000000b3d0                gapProcessConnEvt
 .text.gapProcessDisconnectCompleteEvt
                0x000000000000b418       0xaa ../../LIB\libCH58xBLE.a(gap.o)
                0x000000000000b418                gapProcessDisconnectCompleteEvt
 .text.sendAuthEvent
                0x000000000000b4c2      0x120 ../../LIB\libCH58xBLE.a(gap.o)
                0x000000000000b4c2                sendAuthEvent
 .text.gapSendBondCompleteEvent
                0x000000000000b5e2       0x74 ../../LIB\libCH58xBLE.a(gap.o)
                0x000000000000b5e2                gapSendBondCompleteEvent
 .text.gapSendPairingReqEvent
                0x000000000000b656       0x96 ../../LIB\libCH58xBLE.a(gap.o)
                0x000000000000b656                gapSendPairingReqEvent
 .text.gapSendSlaveSecurityReqEvent
                0x000000000000b6ec       0x68 ../../LIB\libCH58xBLE.a(gap.o)
                0x000000000000b6ec                gapSendSlaveSecurityReqEvent
 .text.gapSendDeviceInitDoneEvent
                0x000000000000b754       0x88 ../../LIB\libCH58xBLE.a(gap.o)
                0x000000000000b754                gapSendDeviceInitDoneEvent
 .text.gapSendLinkUpdateEvent
                0x000000000000b7dc       0xb2 ../../LIB\libCH58xBLE.a(gap.o)
                0x000000000000b7dc                gapSendLinkUpdateEvent
 .text.gapSendPhyUpdateEvent
                0x000000000000b88e       0x58 ../../LIB\libCH58xBLE.a(gap.o)
                0x000000000000b88e                gapSendPhyUpdateEvent
 .text.gapSendEstLinkEvent
                0x000000000000b8e6       0xbc ../../LIB\libCH58xBLE.a(gap.o)
                0x000000000000b8e6                gapSendEstLinkEvent
 .text.gapProcessNewAddr
                0x000000000000b9a2       0x3e ../../LIB\libCH58xBLE.a(gap.o)
                0x000000000000b9a2                gapProcessNewAddr
 .text.gapProcessRandomAddrComplete
                0x000000000000b9e0       0xb6 ../../LIB\libCH58xBLE.a(gap.o)
                0x000000000000b9e0                gapProcessRandomAddrComplete
 .text.GAP_Authenticate
                0x000000000000ba96       0xde ../../LIB\libCH58xBLE.a(gap.o)
                0x000000000000ba96                GAP_Authenticate
 .text.GAP_Bond
                0x000000000000bb74       0xaa ../../LIB\libCH58xBLE.a(gap.o)
                0x000000000000bb74                GAP_Bond
 .text.GAP_GetParamValue
                0x000000000000bc1e       0x20 ../../LIB\libCH58xBLE.a(gap.o)
                0x000000000000bc1e                GAP_GetParamValue
 .text.GAP_PasscodeUpdate
                0x000000000000bc3e       0x54 ../../LIB\libCH58xBLE.a(gap.o)
                0x000000000000bc3e                GAP_PasscodeUpdate
 .text.GAP_RegisterForMsgs
                0x000000000000bc92        0xa ../../LIB\libCH58xBLE.a(gap.o)
                0x000000000000bc92                GAP_RegisterForMsgs
 .text.GAP_ResolvePrivateAddr
                0x000000000000bc9c        0x4 ../../LIB\libCH58xBLE.a(gap.o)
                0x000000000000bc9c                GAP_ResolvePrivateAddr
 .text.gapPairingCompleteCB
                0x000000000000bca0      0x18c ../../LIB\libCH58xBLE.a(gap.o)
                0x000000000000bca0                gapPairingCompleteCB
 .text.gapPasskeyNeededCB
                0x000000000000be2c       0x8e ../../LIB\libCH58xBLE.a(gap.o)
                0x000000000000be2c                gapPasskeyNeededCB
 .text.gapOobNeededCB
                0x000000000000beba       0xa6 ../../LIB\libCH58xBLE.a(gap.o)
                0x000000000000beba                gapOobNeededCB
 .text.gapFreeEstLink
                0x000000000000bf60       0x20 ../../LIB\libCH58xBLE.a(gap.o)
                0x000000000000bf60                gapFreeEstLink
 .text.gapUpdateConnSignCounter
                0x000000000000bf80       0x7a ../../LIB\libCH58xBLE.a(gap.o)
                0x000000000000bf80                gapUpdateConnSignCounter
 .text.GAP_SendSlaveSecurityRequest
                0x000000000000bffa       0x4a ../../LIB\libCH58xBLE.a(gap.o)
                0x000000000000bffa                GAP_SendSlaveSecurityRequest
 .text.GAP_Signable
                0x000000000000c044       0x6a ../../LIB\libCH58xBLE.a(gap.o)
                0x000000000000c044                GAP_Signable
 .text.GAP_TerminateAuth
                0x000000000000c0ae       0x2a ../../LIB\libCH58xBLE.a(gap.o)
                0x000000000000c0ae                GAP_TerminateAuth
 .text.GAP_NumActiveConnections
                0x000000000000c0d8        0x4 ../../LIB\libCH58xBLE.a(gap.o)
                0x000000000000c0d8                GAP_NumActiveConnections
 .text.GAP_TerminateLinkReq
                0x000000000000c0dc       0x8e ../../LIB\libCH58xBLE.a(gap.o)
                0x000000000000c0dc                GAP_TerminateLinkReq
 .text.GAP_SetParamValue
                0x000000000000c16a       0x68 ../../LIB\libCH58xBLE.a(gap.o)
                0x000000000000c16a                GAP_SetParamValue
 .text.GAP_Init
                0x000000000000c1d2       0x48 ../../LIB\libCH58xBLE.a(gap.o)
                0x000000000000c1d2                GAP_Init
 .text.GAP_ProcessEvent
                0x000000000000c21a      0x664 ../../LIB\libCH58xBLE.a(gap.o)
                0x000000000000c21a                GAP_ProcessEvent
 .text.gapSendScanEnable
                0x000000000000c87e       0x3a ../../LIB\libCH58xBLE.a(gap_central.o)
 .text.gapCentProcessConnEvt
                0x000000000000c8b8      0x15c ../../LIB\libCH58xBLE.a(gap_central.o)
                0x000000000000c8b8                gapCentProcessConnEvt
 .text.gapProcessScanningPeriodicAdvEvt
                0x000000000000ca14       0xa0 ../../LIB\libCH58xBLE.a(gap_central.o)
                0x000000000000ca14                gapProcessScanningPeriodicAdvEvt
 .text.gapCancelLinkReq
                0x000000000000cab4       0x38 ../../LIB\libCH58xBLE.a(gap_central.o)
                0x000000000000cab4                gapCancelLinkReq
 .text.gapProcessAdvertDevInfo
                0x000000000000caec      0x242 ../../LIB\libCH58xBLE.a(gap_central.o)
                0x000000000000caec                gapProcessAdvertDevInfo
 .text.gapProcessExtAdvertDevInfo
                0x000000000000cd2e      0x260 ../../LIB\libCH58xBLE.a(gap_central.o)
                0x000000000000cd2e                gapProcessExtAdvertDevInfo
 .text.gapProcessPeriodicAdvertisingSyncEstablishedEvt
                0x000000000000cf8e       0xae ../../LIB\libCH58xBLE.a(gap_central.o)
                0x000000000000cf8e                gapProcessPeriodicAdvertisingSyncEstablishedEvt
 .text.gapProcessPeriodicAdvertisingSyncLostEvt
                0x000000000000d03c       0x56 ../../LIB\libCH58xBLE.a(gap_central.o)
                0x000000000000d03c                gapProcessPeriodicAdvertisingSyncLostEvt
 .text.gapFreeScanRecs
                0x000000000000d092       0xa6 ../../LIB\libCH58xBLE.a(gap_central.o)
                0x000000000000d092                gapFreeScanRecs
 .text.gapSendDevDiscEvent
                0x000000000000d138      0x126 ../../LIB\libCH58xBLE.a(gap_central.o)
                0x000000000000d138                gapSendDevDiscEvent
 .text.gapSetScanParamStatus
                0x000000000000d25e       0x58 ../../LIB\libCH58xBLE.a(gap_central.o)
 .text.gapCentProcessHCICmdEvt
                0x000000000000d2b6       0x3e ../../LIB\libCH58xBLE.a(gap_central.o)
                0x000000000000d2b6                gapCentProcessHCICmdEvt
 .text.gapProcessScanningEvt
                0x000000000000d2f4      0x110 ../../LIB\libCH58xBLE.a(gap_central.o)
                0x000000000000d2f4                gapProcessScanningEvt
 .text.gapProcessScanningDirectEvt
                0x000000000000d404       0xfe ../../LIB\libCH58xBLE.a(gap_central.o)
                0x000000000000d404                gapProcessScanningDirectEvt
 .text.gapProcessScanningExtAdvEvt
                0x000000000000d502      0x26a ../../LIB\libCH58xBLE.a(gap_central.o)
                0x000000000000d502                gapProcessScanningExtAdvEvt
 .text.GAP_CentConnRegister
                0x000000000000d76c       0x1a ../../LIB\libCH58xBLE.a(gap_central.o)
                0x000000000000d76c                GAP_CentConnRegister
 .text.GAP_CentralParamInit
                0x000000000000d786       0x6e ../../LIB\libCH58xBLE.a(gap_central.o)
                0x000000000000d786                GAP_CentralParamInit
 .text.GAP_CentDevMgrInit
                0x000000000000d7f4       0x9c ../../LIB\libCH58xBLE.a(gap_central.o)
                0x000000000000d7f4                GAP_CentDevMgrInit
 .text.gapFreeAdvertState
                0x000000000000d890       0x20 ../../LIB\libCH58xBLE.a(gap_peripheral.o)
 .text.gapSetPeriodicAdvParams
                0x000000000000d8b0       0x30 ../../LIB\libCH58xBLE.a(gap_peripheral.o)
 .text.gapSetAdvParams
                0x000000000000d8e0       0xfc ../../LIB\libCH58xBLE.a(gap_peripheral.o)
 .text.gapPeriProcessConnEvt
                0x000000000000d9dc       0xd0 ../../LIB\libCH58xBLE.a(gap_peripheral.o)
 .text.gapWriteAdvDataStatus
                0x000000000000daac       0x88 ../../LIB\libCH58xBLE.a(gap_peripheral.o)
 .text.GAP_MakeDiscoverable
                0x000000000000db34      0x174 ../../LIB\libCH58xBLE.a(gap_peripheral.o)
                0x000000000000db34                GAP_MakeDiscoverable
 .text.GAP_EndDiscoverable
                0x000000000000dca8       0x66 ../../LIB\libCH58xBLE.a(gap_peripheral.o)
                0x000000000000dca8                GAP_EndDiscoverable
 .text.gapProcessAdvertisingEvt
                0x000000000000dd0e      0x118 ../../LIB\libCH58xBLE.a(gap_peripheral.o)
 .text.GAP_MakePeriodic
                0x000000000000de26       0x26 ../../LIB\libCH58xBLE.a(gap_peripheral.o)
                0x000000000000de26                GAP_MakePeriodic
 .text.GAP_EndPeriodic
                0x000000000000de4c        0xc ../../LIB\libCH58xBLE.a(gap_peripheral.o)
                0x000000000000de4c                GAP_EndPeriodic
 .text.GAP_SetAdvertisingAdvData
                0x000000000000de58      0x102 ../../LIB\libCH58xBLE.a(gap_peripheral.o)
                0x000000000000de58                GAP_SetAdvertisingAdvData
 .text.GAP_SetAdvertisingRspData
                0x000000000000df5a      0x102 ../../LIB\libCH58xBLE.a(gap_peripheral.o)
                0x000000000000df5a                GAP_SetAdvertisingRspData
 .text.GAP_SetPeriodicAdvertisingData
                0x000000000000e05c       0xc6 ../../LIB\libCH58xBLE.a(gap_peripheral.o)
                0x000000000000e05c                GAP_SetPeriodicAdvertisingData
 .text.GAP_GetAdvertisingAdvData
                0x000000000000e122       0x26 ../../LIB\libCH58xBLE.a(gap_peripheral.o)
                0x000000000000e122                GAP_GetAdvertisingAdvData
 .text.GAP_GetAdvertisingRspData
                0x000000000000e148       0x34 ../../LIB\libCH58xBLE.a(gap_peripheral.o)
                0x000000000000e148                GAP_GetAdvertisingRspData
 .text.GAP_GetPeriodicAdvertisingData
                0x000000000000e17c       0x34 ../../LIB\libCH58xBLE.a(gap_peripheral.o)
                0x000000000000e17c                GAP_GetPeriodicAdvertisingData
 .text.GAP_ConfigDeviceAddr
                0x000000000000e1b0      0x124 ../../LIB\libCH58xBLE.a(gap_peripheral.o)
                0x000000000000e1b0                GAP_ConfigDeviceAddr
 .text.GAP_PeriConnRegister
                0x000000000000e2d4       0x2e ../../LIB\libCH58xBLE.a(gap_peripheral.o)
                0x000000000000e2d4                GAP_PeriConnRegister
 .text.GAP_PeripheralParamInit
                0x000000000000e302       0x5e ../../LIB\libCH58xBLE.a(gap_peripheral.o)
                0x000000000000e302                GAP_PeripheralParamInit
 .text.gapSendMakeDiscEvent
                0x000000000000e360       0x50 ../../LIB\libCH58xBLE.a(gap_peripheral.o)
                0x000000000000e360                gapSendMakeDiscEvent
 .text.gapWriteAdvEnableStatus
                0x000000000000e3b0      0x110 ../../LIB\libCH58xBLE.a(gap_peripheral.o)
 .text.gapSendMakePeriodicEvent
                0x000000000000e4c0       0x3a ../../LIB\libCH58xBLE.a(gap_peripheral.o)
                0x000000000000e4c0                gapSendMakePeriodicEvent
 .text.gapPeriProcessHCICmdCompleteEvt
                0x000000000000e4fa      0x18e ../../LIB\libCH58xBLE.a(gap_peripheral.o)
 .text.GAP_PeriDevMgrInit
                0x000000000000e688       0x2e ../../LIB\libCH58xBLE.a(gap_peripheral.o)
                0x000000000000e688                GAP_PeriDevMgrInit
 .text.ggs_SetAttrWPermit
                0x000000000000e6b6       0x68 ../../LIB\libCH58xBLE.a(gapgattserver.o)
 .text.ggs_ReadAttrCB
                0x000000000000e71e      0x156 ../../LIB\libCH58xBLE.a(gapgattserver.o)
 .text.ggs_WriteAttrCB
                0x000000000000e874      0x15c ../../LIB\libCH58xBLE.a(gapgattserver.o)
 .text.GGS_ParamInit
                0x000000000000e9d0      0x23a ../../LIB\libCH58xBLE.a(gapgattserver.o)
                0x000000000000e9d0                GGS_ParamInit
 .text.GGS_SetParameter
                0x000000000000ec0a       0xe2 ../../LIB\libCH58xBLE.a(gapgattserver.o)
                0x000000000000ec0a                GGS_SetParameter
 .text.GGS_AddService
                0x000000000000ecec       0x2c ../../LIB\libCH58xBLE.a(gapgattserver.o)
                0x000000000000ecec                GGS_AddService
 .text.GAP_DeviceInit
                0x000000000000ed18       0xd8 ../../LIB\libCH58xBLE.a(gapgattserver.o)
                0x000000000000ed18                GAP_DeviceInit
 .text.gattGetPayload
                0x000000000000edf0       0x7e ../../LIB\libCH58xBLE.a(gatt.o)
                0x000000000000edf0                gattGetPayload
 .text.gattNotifyEvent
                0x000000000000ee6e       0x84 ../../LIB\libCH58xBLE.a(gatt.o)
                0x000000000000ee6e                gattNotifyEvent
 .text.gattSendFlowCtrlEvt
                0x000000000000eef2       0x52 ../../LIB\libCH58xBLE.a(gatt.o)
                0x000000000000eef2                gattSendFlowCtrlEvt
 .text.gattStartTimer
                0x000000000000ef44        0xc ../../LIB\libCH58xBLE.a(gatt.o)
                0x000000000000ef44                gattStartTimer
 .text.gattStopTimer
                0x000000000000ef50       0x32 ../../LIB\libCH58xBLE.a(gatt.o)
                0x000000000000ef50                gattStopTimer
 .text.GATT_AppCompletedMsg
                0x000000000000ef82       0x30 ../../LIB\libCH58xBLE.a(gatt.o)
                0x000000000000ef82                GATT_AppCompletedMsg
 .text.GATT_NotifyEvent
                0x000000000000efb2       0x56 ../../LIB\libCH58xBLE.a(gatt.o)
                0x000000000000efb2                GATT_NotifyEvent
 .text.gattRegisterServer
                0x000000000000f008        0x6 ../../LIB\libCH58xBLE.a(gatt.o)
                0x000000000000f008                gattRegisterServer
 .text.GATT_UpdateMTU
                0x000000000000f00e       0x5a ../../LIB\libCH58xBLE.a(gatt.o)
                0x000000000000f00e                GATT_UpdateMTU
 .text.GATT_bm_alloc
                0x000000000000f068       0xe8 ../../LIB\libCH58xBLE.a(gatt.o)
                0x000000000000f068                GATT_bm_alloc
 .text.GATT_ServiceChangedInd
                0x000000000000f150       0x94 ../../LIB\libCH58xBLE.a(gatt.o)
                0x000000000000f150                GATT_ServiceChangedInd
 .text.GATT_bm_free
                0x000000000000f1e4       0x1c ../../LIB\libCH58xBLE.a(gatt.o)
                0x000000000000f1e4                GATT_bm_free
 .text.GATT_Init
                0x000000000000f200       0x2a ../../LIB\libCH58xBLE.a(gatt.o)
                0x000000000000f200                GATT_Init
 .text.GATT_ProcessEvent
                0x000000000000f22a      0x13a ../../LIB\libCH58xBLE.a(gatt.o)
                0x000000000000f22a                GATT_ProcessEvent
 .text.gattProcessExchangeMTUReq
                0x000000000000f364        0x4 ../../LIB\libCH58xBLE.a(gattservapp.o)
 .text.gattServApp_FindCharCfgItem
                0x000000000000f368       0x24 ../../LIB\libCH58xBLE.a(gattservapp.o)
 .text.gattServerHandleTimerCB
                0x000000000000f38c       0x3c ../../LIB\libCH58xBLE.a(gattservapp.o)
 .text.GATTServApp_InitCharCfg.part.12
                0x000000000000f3c8       0x20 ../../LIB\libCH58xBLE.a(gattservapp.o)
 .text.gattProcessExecuteWriteReq
                0x000000000000f3e8        0x4 ../../LIB\libCH58xBLE.a(gattservapp.o)
 .text.GATTServApp_ParamInit
                0x000000000000f3ec       0xd6 ../../LIB\libCH58xBLE.a(gattservapp.o)
                0x000000000000f3ec                GATTServApp_ParamInit
 .text.GATTServApp_ReadCharCfg
                0x000000000000f4c2       0x18 ../../LIB\libCH58xBLE.a(gattservapp.o)
                0x000000000000f4c2                GATTServApp_ReadCharCfg
 .text.GATTServApp_WriteCharCfg
                0x000000000000f4da       0x3c ../../LIB\libCH58xBLE.a(gattservapp.o)
                0x000000000000f4da                GATTServApp_WriteCharCfg
 .text.GATTServApp_ProcessCCCWriteReq
                0x000000000000f516       0x60 ../../LIB\libCH58xBLE.a(gattservapp.o)
                0x000000000000f516                GATTServApp_ProcessCCCWriteReq
 .text.gattServApp_WriteAttrCB
                0x000000000000f576       0x34 ../../LIB\libCH58xBLE.a(gattservapp.o)
                0x000000000000f576                gattServApp_WriteAttrCB
 .text.GATTServApp_SendCCCUpdatedEvent
                0x000000000000f5aa       0x5e ../../LIB\libCH58xBLE.a(gattservapp.o)
                0x000000000000f5aa                GATTServApp_SendCCCUpdatedEvent
 .text.GATTServApp_SendServiceChangedInd
                0x000000000000f608       0x36 ../../LIB\libCH58xBLE.a(gattservapp.o)
                0x000000000000f608                GATTServApp_SendServiceChangedInd
 .text.gattServApp_ClearPrepareWriteQ
                0x000000000000f63e       0x50 ../../LIB\libCH58xBLE.a(gattservapp.o)
                0x000000000000f63e                gattServApp_ClearPrepareWriteQ
 .text.gattServApp_FindPrepareWriteQ
                0x000000000000f68e       0x30 ../../LIB\libCH58xBLE.a(gattservapp.o)
                0x000000000000f68e                gattServApp_FindPrepareWriteQ
 .text.gattServApp_FindServiceCBs
                0x000000000000f6be       0x18 ../../LIB\libCH58xBLE.a(gattservapp.o)
                0x000000000000f6be                gattServApp_FindServiceCBs
 .text.gattServApp_FindAuthorizeAttrCB
                0x000000000000f6d6       0x16 ../../LIB\libCH58xBLE.a(gattservapp.o)
                0x000000000000f6d6                gattServApp_FindAuthorizeAttrCB
 .text.gattServApp_IsWriteLong
                0x000000000000f6ec       0xea ../../LIB\libCH58xBLE.a(gattservapp.o)
                0x000000000000f6ec                gattServApp_IsWriteLong
 .text.gattFindService
                0x000000000000f7d6       0x1c ../../LIB\libCH58xBLE.a(gattservapp.o)
                0x000000000000f7d6                gattFindService
 .text.GATT_ServiceNumAttrs
                0x000000000000f7f2       0x18 ../../LIB\libCH58xBLE.a(gattservapp.o)
                0x000000000000f7f2                GATT_ServiceNumAttrs
 .text.GATT_ServiceEncKeySize
                0x000000000000f80a       0x18 ../../LIB\libCH58xBLE.a(gattservapp.o)
                0x000000000000f80a                GATT_ServiceEncKeySize
 .text.GATT_VerifyWritePermissions.part.7
                0x000000000000f822       0x2e ../../LIB\libCH58xBLE.a(gattservapp.o)
 .text.gattResetServerInfo
                0x000000000000f850       0x1c ../../LIB\libCH58xBLE.a(gattservapp.o)
                0x000000000000f850                gattResetServerInfo
 .text.gattFindServerInfo
                0x000000000000f86c       0x2c ../../LIB\libCH58xBLE.a(gattservapp.o)
                0x000000000000f86c                gattFindServerInfo
 .text.gattServerHandleConnStatusCB
                0x000000000000f898       0x98 ../../LIB\libCH58xBLE.a(gattservapp.o)
                0x000000000000f898                gattServerHandleConnStatusCB
 .text.gattServerProcessMsgCB
                0x000000000000f930      0x1c0 ../../LIB\libCH58xBLE.a(gattservapp.o)
                0x000000000000f930                gattServerProcessMsgCB
 .text.gattServerNotifyTxCB
                0x000000000000faf0       0x28 ../../LIB\libCH58xBLE.a(gattservapp.o)
 .text.GATT_FindHandle
                0x000000000000fb18       0x4a ../../LIB\libCH58xBLE.a(gattservapp.o)
                0x000000000000fb18                GATT_FindHandle
 .text.GATTServApp_WriteAttr
                0x000000000000fb62       0xa8 ../../LIB\libCH58xBLE.a(gattservapp.o)
                0x000000000000fb62                GATTServApp_WriteAttr
 .text.gattServApp_ProcessExecuteWriteReq
                0x000000000000fc0a      0x100 ../../LIB\libCH58xBLE.a(gattservapp.o)
                0x000000000000fc0a                gattServApp_ProcessExecuteWriteReq
 .text.GATTServApp_UpdateCharCfg
                0x000000000000fd0a       0x1e ../../LIB\libCH58xBLE.a(gattservapp.o)
                0x000000000000fd0a                GATTServApp_UpdateCharCfg
 .text.gattServApp_ProcessPrepareWriteReq
                0x000000000000fd28      0x10e ../../LIB\libCH58xBLE.a(gattservapp.o)
                0x000000000000fd28                gattServApp_ProcessPrepareWriteReq
 .text.gattServApp_ProcessWriteReq
                0x000000000000fe36       0xb0 ../../LIB\libCH58xBLE.a(gattservapp.o)
                0x000000000000fe36                gattServApp_ProcessWriteReq
 .text.GATT_Indication
                0x000000000000fee6       0xa4 ../../LIB\libCH58xBLE.a(gattservapp.o)
                0x000000000000fee6                GATT_Indication
 .text.GATT_FindHandleUUID
                0x000000000000ff8a       0x94 ../../LIB\libCH58xBLE.a(gattservapp.o)
                0x000000000000ff8a                GATT_FindHandleUUID
 .text.gattProcessReadByGrpTypeReq
                0x000000000001001e       0x60 ../../LIB\libCH58xBLE.a(gattservapp.o)
 .text.gattProcessReadByTypeReq
                0x000000000001007e       0x34 ../../LIB\libCH58xBLE.a(gattservapp.o)
 .text.gattProcessFindByTypeValueReq
                0x00000000000100b2       0x34 ../../LIB\libCH58xBLE.a(gattservapp.o)
 .text.gattProcessFindInfoReq
                0x00000000000100e6      0x1aa ../../LIB\libCH58xBLE.a(gattservapp.o)
 .text.GATT_Notification
                0x0000000000010290       0x70 ../../LIB\libCH58xBLE.a(gattservapp.o)
                0x0000000000010290                GATT_Notification
 .text.GATT_VerifyWritePermissions
                0x0000000000010300       0x6a ../../LIB\libCH58xBLE.a(gattservapp.o)
                0x0000000000010300                GATT_VerifyWritePermissions
 .text.gattProcessWriteReq
                0x000000000001036a       0x36 ../../LIB\libCH58xBLE.a(gattservapp.o)
 .text.GATT_VerifyPrepareWritePermissions
                0x00000000000103a0       0x56 ../../LIB\libCH58xBLE.a(gattservapp.o)
                0x00000000000103a0                GATT_VerifyPrepareWritePermissions
 .text.gattProcessPrepareWriteReq
                0x00000000000103f6       0x36 ../../LIB\libCH58xBLE.a(gattservapp.o)
 .text.GATT_FindNextAttr
                0x000000000001042c       0xc2 ../../LIB\libCH58xBLE.a(gattservapp.o)
                0x000000000001042c                GATT_FindNextAttr
 .text.GATTServApp_ReadAttr
                0x00000000000104ee      0x2ea ../../LIB\libCH58xBLE.a(gattservapp.o)
                0x00000000000104ee                GATTServApp_ReadAttr
 .text.gattServApp_ProcessReadMultiReq
                0x00000000000107d8      0x16e ../../LIB\libCH58xBLE.a(gattservapp.o)
                0x00000000000107d8                gattServApp_ProcessReadMultiReq
 .text.gattServApp_ProcessFindByTypeValueReq
                0x0000000000010946      0x1a0 ../../LIB\libCH58xBLE.a(gattservapp.o)
                0x0000000000010946                gattServApp_ProcessFindByTypeValueReq
 .text.GATT_VerifyReadPermissions
                0x0000000000010ae6       0x68 ../../LIB\libCH58xBLE.a(gattservapp.o)
                0x0000000000010ae6                GATT_VerifyReadPermissions
 .text.gattProcessReadMultiReq
                0x0000000000010b4e       0xae ../../LIB\libCH58xBLE.a(gattservapp.o)
 .text.gattProcessReadReq
                0x0000000000010bfc       0x30 ../../LIB\libCH58xBLE.a(gattservapp.o)
 .text.gattServApp_ProcessReadByGrpTypeReq
                0x0000000000010c2c      0x21c ../../LIB\libCH58xBLE.a(gattservapp.o)
                0x0000000000010c2c                gattServApp_ProcessReadByGrpTypeReq
 .text.gattServApp_ProcessReadByTypeReq
                0x0000000000010e48      0x1ae ../../LIB\libCH58xBLE.a(gattservapp.o)
                0x0000000000010e48                gattServApp_ProcessReadByTypeReq
 .text.GATT_RegisterService
                0x0000000000010ff6      0x100 ../../LIB\libCH58xBLE.a(gattservapp.o)
                0x0000000000010ff6                GATT_RegisterService
 .text.GATTServApp_RegisterService
                0x00000000000110f6       0x7c ../../LIB\libCH58xBLE.a(gattservapp.o)
                0x00000000000110f6                GATTServApp_RegisterService
 .text.GATTServApp_AddService
                0x0000000000011172       0x2c ../../LIB\libCH58xBLE.a(gattservapp.o)
                0x0000000000011172                GATTServApp_AddService
 .text.GATTServApp_RegisterForMsg
                0x000000000001119e        0x6 ../../LIB\libCH58xBLE.a(gattservapp.o)
                0x000000000001119e                GATTServApp_RegisterForMsg
 .text.GATTServApp_InitCharCfg
                0x00000000000111a4       0x28 ../../LIB\libCH58xBLE.a(gattservapp.o)
                0x00000000000111a4                GATTServApp_InitCharCfg
 .text.gattServApp_HandleConnStatusCB
                0x00000000000111cc       0x74 ../../LIB\libCH58xBLE.a(gattservapp.o)
                0x00000000000111cc                gattServApp_HandleConnStatusCB
 .text.GATT_InitServer
                0x0000000000011240       0xfa ../../LIB\libCH58xBLE.a(gattservapp.o)
                0x0000000000011240                GATT_InitServer
 .text.GATTServApp_Init